===== CI START Wed Oct  7 02:19:05 UTC 2026 =====
pwd: /home/runner/work/orangechat/orangechat
node: v22.23.3
npm: 10.9.9
pnpm: /home/runner/work/_temp/a2eeda24-d665-4cbb-ab5b-7697e39a2910.sh: line 6: pnpm: command not found
none

added 1 package in 1s

1 package is looking for funding
  run `npm fund` for details
pnpm now: 9.15.9
Lockfile is up to date, resolution step is skipped
Progress: resolved 1, reused 0, downloaded 0, added 0
Packages: +607
++++++++++++++++++++++++++++++++++++++++++++++++++++++++++++++++++++++++++++++++
Progress: resolved 607, reused 0, downloaded 244, added 244
Progress: resolved 607, reused 0, downloaded 442, added 433
Progress: resolved 607, reused 0, downloaded 556, added 556
Progress: resolved 607, reused 0, downloaded 607, added 607, done
.../esbuild@0.27.7/node_modules/esbuild postinstall$ node install.js
.../esbuild@0.27.7/node_modules/esbuild postinstall: Done

dependencies:
+ @react-router/node 7.13.0
+ @react-router/serve 7.13.0
+ @streamdown/cjk 1.0.3
+ @tanstack/react-query 5.100.10
+ class-variance-authority 0.7.1
+ clsx 2.1.1
+ dayjs 1.11.20
+ file-type 21.3.4
+ i18next 25.10.10
+ immer 11.1.8
+ isbot 5.1.40
+ katex 0.16.45
+ ky 1.14.3
+ lucide-react 0.564.0
+ motion 12.38.0
+ radix-ui 1.4.3
+ react 19.2.6
+ react-dom 19.2.6
+ react-i18next 16.6.6
+ react-infinite-scroll-component 6.1.1
+ react-resizable-panels 4.11.1
+ react-router 7.13.0
+ rehype-katex 7.0.1
+ rehype-raw 7.0.0
+ remark-gfm 4.0.1
+ remark-math 6.0.0
+ shiki 3.23.0
+ sonner 2.0.7
+ streamdown 2.5.0
+ tailwind-merge 3.6.0
+ use-stick-to-bottom 1.1.4
+ uuid 13.0.2
+ vaul 1.1.2
+ zod 4.4.3
+ zustand 5.0.13

devDependencies:
+ @react-router/dev 7.13.0
+ @tailwindcss/vite 4.3.0
+ @types/node 24.12.4
+ @types/react 19.2.14
+ @types/react-dom 19.2.3
+ oxfmt 0.32.0
+ oxlint 1.64.0
+ tailwindcss 4.3.0
+ tsx 4.21.0
+ tw-animate-css 1.4.0
+ typescript 5.9.3
+ vite 7.3.3
+ vite-plugin-svgr 4.5.0
+ vite-tsconfig-paths 5.1.4

Done in 4.2s using pnpm v9.15.9
Generating 2,048 bit RSA key pair and self-signed certificate (SHA256withRSA) with a validity of 10,000 days
	for: CN=Android Debug, O=Android, C=US
[Storing app/debug.keystore]

Warning:
The JKS keystore uses a proprietary format. It is recommended to migrate to PKCS12 which is an industry standard format using "keytool -importkeystore -srckeystore app/debug.keystore -destkeystore app/debug.keystore -deststoretype pkcs12".
Downloading https://services.gradle.org/distributions/gradle-9.4.1-bin.zip
.............10%.............20%.............30%.............40%.............50%.............60%..............70%.............80%.............90%.............100%

Welcome to Gradle 9.4.1!

Here are the highlights of this release:
 - Java 26 support
 - Non-class-based JVM tests
 - Enhanced console progress bar

For more details see https://docs.gradle.org/9.4.1/release-notes.html

Starting a Gradle Daemon (subsequent builds will be faster)

> Configure project :ai
WARNING: The option setting 'android.overridePathCheck=true' is experimental.
The current default is 'false'.

> Configure project :app
w: file:///home/runner/work/orangechat/orangechat/app/build.gradle.kts:135:41: 'fun srcDirs(vararg srcDirs: Any): Any' is deprecated. Use `directories` mutable set instead.

> Configure project :material3
w: file:///home/runner/work/orangechat/orangechat/material3/build.gradle.kts:25:20: 'fun srcDir(srcDir: Any): Any' is deprecated. Use `directories` mutable set instead.

> Task :app:preBuild UP-TO-DATE
> Task :common:preBuild UP-TO-DATE
> Task :document:preBuild UP-TO-DATE
> Task :ai:preBuild UP-TO-DATE
> Task :app:preDebugBuild UP-TO-DATE
> Task :document:preDebugBuild UP-TO-DATE
> Task :ai:preDebugBuild UP-TO-DATE
> Task :common:preDebugBuild UP-TO-DATE
> Task :app:mergeDebugNativeDebugMetadata NO-SOURCE
> Task :app:generateDebugBuildConfig
> Task :document:extractDebugSupportedLocales
> Task :common:writeDebugAarMetadata
> Task :highlight:preBuild UP-TO-DATE
> Task :highlight:preDebugBuild UP-TO-DATE
> Task :common:generateDebugResources
> Task :highlight:extractDebugSupportedLocales
> Task :ai:mergeDebugJniLibFolders
> Task :material3:preBuild UP-TO-DATE
> Task :material3:preDebugBuild UP-TO-DATE
> Task :material3:extractDebugSupportedLocales FROM-CACHE
> Task :search:preBuild UP-TO-DATE
> Task :search:preDebugBuild UP-TO-DATE
> Task :app:extractDebugSupportedLocales
> Task :search:extractDebugSupportedLocales
> Task :speech:preBuild UP-TO-DATE
> Task :speech:preDebugBuild UP-TO-DATE
> Task :app:mapDebugSourceSetPaths
> Task :speech:extractDebugSupportedLocales FROM-CACHE
> Task :workspace:preBuild UP-TO-DATE
> Task :workspace:preDebugBuild UP-TO-DATE
> Task :common:packageDebugResources
> Task :common:processDebugNavigationResources
> Task :workspace:extractDebugSupportedLocales FROM-CACHE
> Task :app:generateDebugResources
> Task :document:processDebugNavigationResources FROM-CACHE
> Task :highlight:processDebugNavigationResources
> Task :material3:processDebugNavigationResources FROM-CACHE
> Task :search:processDebugNavigationResources
> Task :speech:processDebugNavigationResources FROM-CACHE
> Task :workspace:processDebugNavigationResources FROM-CACHE
> Task :document:generateDebugResources FROM-CACHE
> Task :document:packageDebugResources

> Task :web:buildWebUi

> web-ui@ build /home/runner/work/orangechat/orangechat/web-ui
> react-router build && tsx copy.ts

[36mvite v7.3.3 [32mbuilding client environment for production...[36m[39m
transforming...
[33mapp/components/ui/sonner.tsx (1:0): Error when using sourcemap for reporting an error: Can't resolve original location of error.[39m
[33mapp/components/ui/drawer.tsx (1:0): Error when using sourcemap for reporting an error: Can't resolve original location of error.[39m
[33mapp/components/ui/sidebar.tsx (1:0): Error when using sourcemap for reporting an error: Can't resolve original location of error.[39m
[33mapp/components/extended/conversation.tsx (1:0): Error when using sourcemap for reporting an error: Can't resolve original location of error.[39m
[33mapp/components/ui/tooltip.tsx (1:0): Error when using sourcemap for reporting an error: Can't resolve original location of error.[39m
[33mapp/components/ui/sheet.tsx (1:0): Error when using sourcemap for reporting an error: Can't resolve original location of error.[39m

> Task :document:parseDebugLocalResources
> Task :common:parseDebugLocalResources
> Task :common:generateDebugRFile
> Task :document:generateDebugRFile

> Task :web:buildWebUi
[33mapp/components/ui/checkbox.tsx (1:0): Error when using sourcemap for reporting an error: Can't resolve original location of error.[39m
[33mapp/components/ui/select.tsx (1:0): Error when using sourcemap for reporting an error: Can't resolve original location of error.[39m
[32m✓[39m 2800 modules transformed.
rendering chunks...
computing gzip size...
[2mbuild/client/[22m[2massets/[22m[32mKaTeX_Size3-Regular-CTq5MqoE.woff         [39m[1m[2m    4.42 kB[22m[1m[22m
[2mbuild/client/[22m[2massets/[22m[32mKaTeX_Size4-Regular-Dl5lxZxV.woff2        [39m[1m[2m    4.93 kB[22m[1m[22m
[2mbuild/client/[22m[2massets/[22m[32mKaTeX_Size2-Regular-Dy4dx90m.woff2        [39m[1m[2m    5.21 kB[22m[1m[22m
[2mbuild/client/[22m[2massets/[22m[32mKaTeX_Size1-Regular-mCD8mA8B.woff2        [39m[1m[2m    5.47 kB[22m[1m[22m
[2mbuild/client/[22m[2massets/[22m[32mKaTeX_Size4-Regular-BF-4gkZK.woff         [39m[1m[2m    5.98 kB[22m[1m[22m
[2mbuild/client/[22m[2massets/[22m[32mKaTeX_Size2-Regular-oD1tc_U0.woff         [39m[1m[2m    6.19 kB[22m[1m[22m
[2mbuild/client/[22m[2massets/[22m[32mKaTeX_Size1-Regular-C195tn64.woff         [39m[1m[2m    6.50 kB[22m[1m[22m
[2mbuild/client/[22m[2massets/[22m[32mKaTeX_Caligraphic-Regular-Di6jR-x-.woff2  [39m[1m[2m    6.91 kB[22m[1m[22m
[2mbuild/client/[22m[2massets/[22m[32mKaTeX_Caligraphic-Bold-Dq_IR9rO.woff2     [39m[1m[2m    6.91 kB[22m[1m[22m
[2mbuild/client/[22m[2massets/[22m[32mKaTeX_Size3-Regular-DgpXs0kz.ttf          [39m[1m[2m    7.59 kB[22m[1m[22m
[2mbuild/client/[22m[2massets/[22m[32mKaTeX_Caligraphic-Regular-CTRA-rTL.woff   [39m[1m[2m    7.66 kB[22m[1m[22m
[2mbuild/client/[22m[2massets/[22m[32mKaTeX_Caligraphic-Bold-BEiXGLvX.woff      [39m[1m[2m    7.72 kB[22m[1m[22m
[2mbuild/client/[22m[2massets/[22m[32mKaTeX_Script-Regular-D3wIWfF6.woff2       [39m[1m[2m    9.64 kB[22m[1m[22m
[2mbuild/client/[22m[2massets/[22m[32mKaTeX_SansSerif-Regular-DDBCnlJ7.woff2    [39m[1m[2m   10.34 kB[22m[1m[22m
[2mbuild/client/[22m[2massets/[22m[32mKaTeX_Size4-Regular-DWFBv043.ttf          [39m[1m[2m   10.36 kB[22m[1m[22m
[2mbuild/client/[22m[2massets/[22m[32mKaTeX_Script-Regular-D5yQViql.woff        [39m[1m[2m   10.59 kB[22m[1m[22m
[2mbuild/client/[22m[2massets/[22m[32mKaTeX_Fraktur-Regular-CTYiF6lA.woff2      [39m[1m[2m   11.32 kB[22m[1m[22m
[2mbuild/client/[22m[2massets/[22m[32mKaTeX_Fraktur-Bold-CL6g_b3V.woff2         [39m[1m[2m   11.35 kB[22m[1m[22m
[2mbuild/client/[22m[2massets/[22m[32mKaTeX_Size2-Regular-B7gKUWhC.ttf          [39m[1m[2m   11.51 kB[22m[1m[22m
[2mbuild/client/[22m[2massets/[22m[32mKaTeX_SansSerif-Italic-C3H0VqGB.woff2     [39m[1m[2m   12.03 kB[22m[1m[22m
[2mbuild/client/[22m[2massets/[22m[32mKaTeX_SansSerif-Bold-D1sUS0GD.woff2       [39m[1m[2m   12.22 kB[22m[1m[22m
[2mbuild/client/[22m[2massets/[22m[32mKaTeX_Size1-Regular-Dbsnue_I.ttf          [39m[1m[2m   12.23 kB[22m[1m[22m
[2mbuild/client/[22m[2massets/[22m[32mKaTeX_SansSerif-Regular-CS6fqUqJ.woff     [39m[1m[2m   12.32 kB[22m[1m[22m
[2mbuild/client/[22m[2massets/[22m[32mKaTeX_Caligraphic-Regular-wX97UBjC.ttf    [39m[1m[2m   12.34 kB[22m[1m[22m
[2mbuild/client/[22m[2massets/[22m[32mKaTeX_Caligraphic-Bold-ATXxdsX0.ttf       [39m[1m[2m   12.37 kB[22m[1m[22m
[2mbuild/client/[22m[2massets/[22m[32mKaTeX_Fraktur-Regular-Dxdc4cR9.woff       [39m[1m[2m   13.21 kB[22m[1m[22m
[2mbuild/client/[22m[2massets/[22m[32mKaTeX_Fraktur-Bold-BsDP51OF.woff          [39m[1m[2m   13.30 kB[22m[1m[22m
[2mbuild/client/[22m[2massets/[22m[32mKaTeX_Typewriter-Regular-CO6r4hn1.woff2   [39m[1m[2m   13.57 kB[22m[1m[22m
[2mbuild/client/[22m[2massets/[22m[32mKaTeX_SansSerif-Italic-DN2j7dab.woff      [39m[1m[2m   14.11 kB[22m[1m[22m
[2mbuild/client/[22m[2massets/[22m[32mKaTeX_SansSerif-Bold-DbIhKOiC.woff        [39m[1m[2m   14.41 kB[22m[1m[22m
[2mbuild/client/[22m[2massets/[22m[32mKaTeX_Typewriter-Regular-C0xS9mPB.woff    [39m[1m[2m   16.03 kB[22m[1m[22m
[2mbuild/client/[22m[2massets/[22m[32mKaTeX_Math-BoldItalic-CZnvNsCZ.woff2      [39m[1m[2m   16.40 kB[22m[1m[22m
[2mbuild/client/[22m[2massets/[22m[32mKaTeX_Math-Italic-t53AETM-.woff2          [39m[1m[2m   16.44 kB[22m[1m[22m
[2mbuild/client/[22m[2massets/[22m[32mKaTeX_Script-Regular-C5JkGWo-.ttf         [39m[1m[2m   16.65 kB[22m[1m[22m
[2mbuild/client/[22m[2massets/[22m[32mKaTeX_Main-BoldItalic-DxDJ3AOS.woff2      [39m[1m[2m   16.78 kB[22m[1m[22m
[2mbuild/client/[22m[2massets/[22m[32mKaTeX_Main-Italic-NWA7e6Wa.woff2          [39m[1m[2m   16.99 kB[22m[1m[22m
[2mbuild/client/[22m[2massets/[22m[32mKaTeX_Math-BoldItalic-iY-2wyZ7.woff       [39m[1m[2m   18.67 kB[22m[1m[22m
[2mbuild/client/[22m[2massets/[22m[32mKaTeX_Math-Italic-DA0__PXp.woff           [39m[1m[2m   18.75 kB[22m[1m[22m
[2mbuild/client/[22m[2massets/[22m[32mKaTeX_Main-BoldItalic-SpSLRI95.woff       [39m[1m[2m   19.41 kB[22m[1m[22m
[2mbuild/client/[22m[2massets/[22m[32mKaTeX_SansSerif-Regular-BNo7hRIc.ttf      [39m[1m[2m   19.44 kB[22m[1m[22m
[2mbuild/client/[22m[2massets/[22m[32mKaTeX_Fraktur-Regular-CB_wures.ttf        [39m[1m[2m   19.57 kB[22m[1m[22m
[2mbuild/client/[22m[2massets/[22m[32mKaTeX_Fraktur-Bold-BdnERNNW.ttf           [39m[1m[2m   19.58 kB[22m[1m[22m
[2mbuild/client/[22m[2massets/[22m[32mKaTeX_Main-Italic-BMLOBm91.woff           [39m[1m[2m   19.68 kB[22m[1m[22m
[2mbuild/client/[22m[2massets/[22m[32mKaTeX_SansSerif-Italic-YYjJ1zSn.ttf       [39m[1m[2m   22.36 kB[22m[1m[22m
[2mbuild/client/[22m[2massets/[22m[32mKaTeX_SansSerif-Bold-CFMepnvq.ttf         [39m[1m[2m   24.50 kB[22m[1m[22m
[2mbuild/client/[22m[2massets/[22m[32mKaTeX_Main-Bold-Cx986IdX.woff2            [39m[1m[2m   25.32 kB[22m[1m[22m
[2mbuild/client/[22m[2massets/[22m[32mKaTeX_Main-Regular-B22Nviop.woff2         [39m[1m[2m   26.27 kB[22m[1m[22m
[2mbuild/client/[22m[2massets/[22m[32mKaTeX_Typewriter-Regular-D3Ib7_Hf.ttf     [39m[1m[2m   27.56 kB[22m[1m[22m
[2mbuild/client/[22m[2massets/[22m[32mKaTeX_AMS-Regular-BQhdFMY1.woff2          [39m[1m[2m   28.08 kB[22m[1m[22m
[2mbuild/client/[22m[2massets/[22m[32mKaTeX_Main-Bold-Jm3AIy58.woff             [39m[1m[2m   29.91 kB[22m[1m[22m
[2mbuild/client/[22m[2massets/[22m[32mKaTeX_Main-Regular-Dr94JaBh.woff          [39m[1m[2m   30.77 kB[22m[1m[22m
[2mbuild/client/[22m[2massets/[22m[32mKaTeX_Math-BoldItalic-B3XSjfu4.ttf        [39m[1m[2m   31.20 kB[22m[1m[22m
[2mbuild/client/[22m[2massets/[22m[32mKaTeX_Math-Italic-flOr_0UB.ttf            [39m[1m[2m   31.31 kB[22m[1m[22m
[2mbuild/client/[22m[2massets/[22m[32mKaTeX_Main-BoldItalic-DzxPMmG6.ttf        [39m[1m[2m   32.97 kB[22m[1m[22m
[2mbuild/client/[22m[2massets/[22m[32mKaTeX_AMS-Regular-DMm9YOAa.woff           [39m[1m[2m   33.52 kB[22m[1m[22m
[2mbuild/client/[22m[2massets/[22m[32mKaTeX_Main-Italic-3WenGoN9.ttf            [39m[1m[2m   33.58 kB[22m[1m[22m
[2mbuild/client/[22m[2massets/[22m[32mKaTeX_Main-Bold-waoOVXN0.ttf              [39m[1m[2m   51.34 kB[22m[1m[22m
[2mbuild/client/[22m[2massets/[22m[32mKaTeX_Main-Regular-ypZvNtVU.ttf           [39m[1m[2m   53.58 kB[22m[1m[22m
[2mbuild/client/[22m[2massets/[22m[32mKaTeX_AMS-Regular-DRggAlZN.ttf            [39m[1m[2m   63.63 kB[22m[1m[22m
[2mbuild/client/[22m[32m.vite/manifest.json                              [39m[1m[2m  168.52 kB[22m[1m[22m[2m │ gzip:  12.95 kB[22m
[2mbuild/client/[22m[2massets/[22m[35mmermaid-GHXKKRXX-B33AGR2P.css             [39m[1m[2m   44.96 kB[22m[1m[22m[2m │ gzip:  10.46 kB[22m
[2mbuild/client/[22m[2massets/[22m[35mroot-CohkcEA4.css                         [39m[1m[2m  115.12 kB[22m[1m[22m[2m │ gzip:  18.21 kB[22m
[2mbuild/client/[22m[2massets/[22m[36mhome-CHaPoUw5.js                          [39m[1m[2m    0.15 kB[22m[1m[22m[2m │ gzip:   0.14 kB[22m
[2mbuild/client/[22m[2massets/[22m[36mc._id-CHaPoUw5.js                         [39m[1m[2m    0.15 kB[22m[1m[22m[2m │ gzip:   0.14 kB[22m
[2mbuild/client/[22m[2massets/[22m[36mhighlighted-body-OFNGDK62-C3TUumET.js     [39m[1m[2m    0.51 kB[22m[1m[22m[2m │ gzip:   0.35 kB[22m
[2mbuild/client/[22m[2massets/[22m[36mcodeowners-Bp6g37R7.js                    [39m[1m[2m    0.55 kB[22m[1m[22m[2m │ gzip:   0.32 kB[22m
[2mbuild/client/[22m[2massets/[22m[36mshellsession-BADoaaVG.js                  [39m[1m[2m    0.71 kB[22m[1m[22m[2m │ gzip:   0.43 kB[22m
[2mbuild/client/[22m[2massets/[22m[36mtsv-B_m7g4N7.js                           [39m[1m[2m    0.74 kB[22m[1m[22m[2m │ gzip:   0.34 kB[22m
[2mbuild/client/[22m[2massets/[22m[36mhtml-derivative-BFtXZ54Q.js               [39m[1m[2m    0.90 kB[22m[1m[22m[2m │ gzip:   0.50 kB[22m
[2mbuild/client/[22m[2massets/[22m[36mgit-rebase-r7XF79zn.js                    [39m[1m[2m    0.98 kB[22m[1m[22m[2m │ gzip:   0.44 kB[22m
[2mbuild/client/[22m[2massets/[22m[36mqmldir-C8lEn-DE.js                        [39m[1m[2m    1.00 kB[22m[1m[22m[2m │ gzip:   0.45 kB[22m
[2mbuild/client/[22m[2massets/[22m[36mcsv-fuZLfV_i.js                           [39m[1m[2m    1.14 kB[22m[1m[22m[2m │ gzip:   0.37 kB[22m
[2mbuild/client/[22m[2massets/[22m[36mgit-commit-F4YmCXRG.js                    [39m[1m[2m    1.23 kB[22m[1m[22m[2m │ gzip:   0.53 kB[22m
[2mbuild/client/[22m[2massets/[22m[36mxsl-CtQFsRM5.js                           [39m[1m[2m    1.39 kB[22m[1m[22m[2m │ gzip:   0.52 kB[22m
[2mbuild/client/[22m[2massets/[22m[36mdotenv-Da5cRb03.js                        [39m[1m[2m    1.42 kB[22m[1m[22m[2m │ gzip:   0.53 kB[22m
[2mbuild/client/[22m[2massets/[22m[36msparql-rVzFXLq3.js                        [39m[1m[2m    1.48 kB[22m[1m[22m[2m │ gzip:   0.82 kB[22m
[2mbuild/client/[22m[2massets/[22m[36mini-BEwlwnbL.js                           [39m[1m[2m    1.53 kB[22m[1m[22m[2m │ gzip:   0.50 kB[22m
[2mbuild/client/[22m[2massets/[22m[36mfortran-fixed-form-CkoXwp7k.js            [39m[1m[2m    1.67 kB[22m[1m[22m[2m │ gzip:   0.69 kB[22m
[2mbuild/client/[22m[2massets/[22m[36mdocker-BcOcwvcX.js                        [39m[1m[2m    1.74 kB[22m[1m[22m[2m │ gzip:   0.60 kB[22m
[2mbuild/client/[22m[2massets/[22m[36mhxml-Bvhsp5Yf.js                          [39m[1m[2m    1.74 kB[22m[1m[22m[2m │ gzip:   0.88 kB[22m
[2mbuild/client/[22m[2massets/[22m[36mdesktop-BmXAJ9_W.js                       [39m[1m[2m    1.83 kB[22m[1m[22m[2m │ gzip:   0.76 kB[22m
[2mbuild/client/[22m[2massets/[22m[36mwenyan-BV7otONQ.js                        [39m[1m[2m    2.16 kB[22m[1m[22m[2m │ gzip:   1.09 kB[22m
[2mbuild/client/[22m[2massets/[22m[36mjssm-C2t-YnRu.js                          [39m[1m[2m    2.24 kB[22m[1m[22m[2m │ gzip:   0.62 kB[22m
[2mbuild/client/[22m[2massets/[22m[36mreg-C-SQnVFl.js                           [39m[1m[2m    2.35 kB[22m[1m[22m[2m │ gzip:   0.70 kB[22m
[2mbuild/client/[22m[2massets/[22m[36medge-BkV0erSs.js                          [39m[1m[2m    2.36 kB[22m[1m[22m[2m │ gzip:   0.70 kB[22m
[2mbuild/client/[22m[2massets/[22m[36mdiff-D97Zzqfu.js                          [39m[1m[2m    2.57 kB[22m[1m[22m[2m │ gzip:   0.70 kB[22m
[33m
(!) Some chunks are larger than 500 kB after minification. Consider:
- Using dynamic import() to code-split the application
- Use build.rollupOptions.output.manualChunks to improve chunking: https://rollupjs.org/configuration-options/#output-manualchunks
- Adjust chunk size limit for this warning via build.chunkSizeWarningLimit.[39m
[2mbuild/client/[22m[2massets/[22m[36mgleam-BspZqrRM.js                         [39m[1m[2m    2.58 kB[22m[1m[22m[2m │ gzip:   0.82 kB[22m
[2mbuild/client/[22m[2massets/[22m[36merb-B12qg9BL.js                           [39m[1m[2m    2.61 kB[22m[1m[22m[2m │ gzip:   0.84 kB[22m
[2mbuild/client/[22m[2massets/[22m[36mhy-DFXneXwc.js                            [39m[1m[2m    2.65 kB[22m[1m[22m[2m │ gzip:   1.18 kB[22m
[2mbuild/client/[22m[2massets/[22m[36mjson-Cp-IABpG.js                          [39m[1m[2m    2.82 kB[22m[1m[22m[2m │ gzip:   0.78 kB[22m
[2mbuild/client/[22m[2massets/[22m[36mopenscad-C4EeE6gA.js                      [39m[1m[2m    2.82 kB[22m[1m[22m[2m │ gzip:   1.01 kB[22m
[2mbuild/client/[22m[2massets/[22m[36mlog-2UxHyX5q.js                           [39m[1m[2m    2.85 kB[22m[1m[22m[2m │ gzip:   0.90 kB[22m
[2mbuild/client/[22m[2massets/[22m[36mcairo-KRGpt6FW.js                         [39m[1m[2m    2.94 kB[22m[1m[22m[2m │ gzip:   0.81 kB[22m
[2mbuild/client/[22m[2massets/[22m[36mberry-uYugtg8r.js                         [39m[1m[2m    3.01 kB[22m[1m[22m[2m │ gzip:   0.81 kB[22m
[2mbuild/client/[22m[2massets/[22m[36mjsonl-DcaNXYhu.js                         [39m[1m[2m    3.01 kB[22m[1m[22m[2m │ gzip:   0.79 kB[22m
[2mbuild/client/[22m[2massets/[22m[36mjsonc-Des-eS-w.js                         [39m[1m[2m    3.11 kB[22m[1m[22m[2m │ gzip:   0.80 kB[22m
[2mbuild/client/[22m[2massets/[22m[36mlogo-BtOb2qkB.js                          [39m[1m[2m    3.13 kB[22m[1m[22m[2m │ gzip:   1.47 kB[22m
[2mbuild/client/[22m[2massets/[22m[36mpo-BTJTHyun.js                            [39m[1m[2m    3.24 kB[22m[1m[22m[2m │ gzip:   0.91 kB[22m
[2mbuild/client/[22m[2massets/[22m[36mjson5-C9tS-k6U.js                         [39m[1m[2m    3.25 kB[22m[1m[22m[2m │ gzip:   0.83 kB[22m
[2mbuild/client/[22m[2massets/[22m[36mmipsasm-CKIfxQSi.js                       [39m[1m[2m    3.26 kB[22m[1m[22m[2m │ gzip:   1.18 kB[22m
[2mbuild/client/[22m[2massets/[22m[36mtasl-QIJgUcNo.js                          [39m[1m[2m    3.29 kB[22m[1m[22m[2m │ gzip:   0.85 kB[22m
[2mbuild/client/[22m[2massets/[22m[36mgenie-D0YGMca9.js                         [39m[1m[2m    3.36 kB[22m[1m[22m[2m │ gzip:   1.21 kB[22m
[2mbuild/client/[22m[2massets/[22m[36mrel-C3B-1QV4.js                           [39m[1m[2m    3.37 kB[22m[1m[22m[2m │ gzip:   1.11 kB[22m
[2mbuild/client/[22m[2massets/[22m[36mvala-CsfeWuGM.js                          [39m[1m[2m    3.37 kB[22m[1m[22m[2m │ gzip:   1.19 kB[22m
[2mbuild/client/[22m[2massets/[22m[36msplunk-BtCnVYZw.js                        [39m[1m[2m    3.44 kB[22m[1m[22m[2m │ gzip:   1.52 kB[22m
[2mbuild/client/[22m[2massets/[22m[36mfluent-C4IJs8-o.js                        [39m[1m[2m    3.61 kB[22m[1m[22m[2m │ gzip:   0.90 kB[22m
[2mbuild/client/[22m[2massets/[22m[36mssh-config-_ykCGR6B.js                    [39m[1m[2m    3.62 kB[22m[1m[22m[2m │ gzip:   1.60 kB[22m
[2mbuild/client/[22m[2massets/[22m[36mjsonnet-DFQXde-d.js                       [39m[1m[2m    3.62 kB[22m[1m[22m[2m │ gzip:   1.05 kB[22m
[2mbuild/client/[22m[2massets/[22m[36mkdl-DV7GczEv.js                           [39m[1m[2m    3.63 kB[22m[1m[22m[2m │ gzip:   1.04 kB[22m
[2mbuild/client/[22m[2massets/[22m[36mglsl-DplSGwfg.js                          [39m[1m[2m    3.63 kB[22m[1m[22m[2m │ gzip:   1.41 kB[22m
[2mbuild/client/[22m[2massets/[22m[36mhurl-irOxFIW8.js                          [39m[1m[2m    3.65 kB[22m[1m[22m[2m │ gzip:   1.16 kB[22m
[2mbuild/client/[22m[2massets/[22m[36mnarrat-DRg8JJMk.js                        [39m[1m[2m    3.67 kB[22m[1m[22m[2m │ gzip:   1.11 kB[22m
[2mbuild/client/[22m[2massets/[22m[36mturtle-BsS91CYL.js                        [39m[1m[2m    3.70 kB[22m[1m[22m[2m │ gzip:   0.98 kB[22m
[2mbuild/client/[22m[2massets/[22m[36mzenscript-DVFEvuxE.js                     [39m[1m[2m    3.91 kB[22m[1m[22m[2m │ gzip:   1.28 kB[22m
[2mbuild/client/[22m[2massets/[22m[36mron-D8l8udqQ.js                           [39m[1m[2m    3.91 kB[22m[1m[22m[2m │ gzip:   0.98 kB[22m
[2mbuild/client/[22m[2massets/[22m[36mgn-n2N0HUVH.js                            [39m[1m[2m    4.00 kB[22m[1m[22m[2m │ gzip:   1.49 kB[22m
[2mbuild/client/[22m[2massets/[22m[36mpascal-D93ZcfNL.js                        [39m[1m[2m    4.15 kB[22m[1m[22m[2m │ gzip:   1.67 kB[22m
[2mbuild/client/[22m[2massets/[22m[36mtcl-dwOrl1Do.js                           [39m[1m[2m    4.43 kB[22m[1m[22m[2m │ gzip:   1.52 kB[22m
[2mbuild/client/[22m[2massets/[22m[36mnextflow-Zz6hmt5N.js                      [39m[1m[2m    4.51 kB[22m[1m[22m[2m │ gzip:   1.17 kB[22m
[2mbuild/client/[22m[2massets/[22m[36mrosmsg-BJDFO7_C.js                        [39m[1m[2m    4.52 kB[22m[1m[22m[2m │ gzip:   1.06 kB[22m
[2mbuild/client/[22m[2massets/[22m[36mhttp-jrhK8wxY.js                          [39m[1m[2m    4.55 kB[22m[1m[22m[2m │ gzip:   1.12 kB[22m
[2mbuild/client/[22m[2massets/[22m[36mpolar-C0HS_06l.js                         [39m[1m[2m    4.67 kB[22m[1m[22m[2m │ gzip:   1.12 kB[22m
[2mbuild/client/[22m[2massets/[22m[36msdbl-DVxCFoDh.js                          [39m[1m[2m    4.70 kB[22m[1m[22m[2m │ gzip:   2.01 kB[22m
[2mbuild/client/[22m[2massets/[22m[36mfennel-BYunw83y.js                        [39m[1m[2m    4.77 kB[22m[1m[22m[2m │ gzip:   1.53 kB[22m
[2mbuild/client/[22m[2massets/[22m[36mbibtex-CHM0blh-.js                        [39m[1m[2m    4.80 kB[22m[1m[22m[2m │ gzip:   0.83 kB[22m
[2mbuild/client/[22m[2massets/[22m[36mllvm-DjAJT7YJ.js                          [39m[1m[2m    5.05 kB[22m[1m[22m[2m │ gzip:   2.01 kB[22m
[2mbuild/client/[22m[2massets/[22m[36mwgsl-Dx-B1_4e.js                          [39m[1m[2m    5.14 kB[22m[1m[22m[2m │ gzip:   1.39 kB[22m
[2mbuild/client/[22m[2massets/[22m[36mgdresource-BOOCDP_w.js                    [39m[1m[2m    5.29 kB[22m[1m[22m[2m │ gzip:   1.34 kB[22m
[2mbuild/client/[22m[2massets/[22m[36mqml-3beO22l8.js                           [39m[1m[2m    5.34 kB[22m[1m[22m[2m │ gzip:   1.38 kB[22m
[2mbuild/client/[22m[2massets/[22m[36mzig-VOosw3JB.js                           [39m[1m[2m    5.34 kB[22m[1m[22m[2m │ gzip:   1.55 kB[22m
[2mbuild/client/[22m[2massets/[22m[36mdax-CEL-wOlO.js                           [39m[1m[2m    5.37 kB[22m[1m[22m[2m │ gzip:   2.23 kB[22m
[2mbuild/client/[22m[2massets/[22m[36mbicep-Bmn6On1c.js                         [39m[1m[2m    5.38 kB[22m[1m[22m[2m │ gzip:   1.15 kB[22m
[2mbuild/client/[22m[2massets/[22m[36mxml-sdJ4AIDG.js                           [39m[1m[2m    5.38 kB[22m[1m[22m[2m │ gzip:   1.21 kB[22m
[2mbuild/client/[22m[2massets/[22m[36mawk-DMzUqQB5.js                           [39m[1m[2m    5.46 kB[22m[1m[22m[2m │ gzip:   1.38 kB[22m
[2mbuild/client/[22m[2massets/[22m[36mcoq-DkFqJrB1.js                           [39m[1m[2m    5.53 kB[22m[1m[22m[2m │ gzip:   1.92 kB[22m
[2mbuild/client/[22m[2massets/[22m[36mjinja-4LBKfQ-Z.js                         [39m[1m[2m    5.69 kB[22m[1m[22m[2m │ gzip:   1.40 kB[22m
[2mbuild/client/[22m[2massets/[22m[36mlean-BZvkOJ9d.js                          [39m[1m[2m    5.78 kB[22m[1m[22m[2m │ gzip:   1.92 kB[22m
[2mbuild/client/[22m[2massets/[22m[36mmoonbit-_H4v1dQx.js                       [39m[1m[2m    5.90 kB[22m[1m[22m[2m │ gzip:   1.68 kB[22m
[2mbuild/client/[22m[2massets/[22m[36mpowerquery-CEu0bR-o.js                    [39m[1m[2m    5.90 kB[22m[1m[22m[2m │ gzip:   1.52 kB[22m
[2mbuild/client/[22m[2massets/[22m[36mshaderlab-Dg9Lc6iA.js                     [39m[1m[2m    5.92 kB[22m[1m[22m[2m │ gzip:   2.08 kB[22m
[2mbuild/client/[22m[2massets/[22m[36mverilog-BQ8w6xss.js                       [39m[1m[2m    5.93 kB[22m[1m[22m[2m │ gzip:   1.89 kB[22m
[2mbuild/client/[22m[2massets/[22m[36mcypher-COkxafJQ.js                        [39m[1m[2m    5.96 kB[22m[1m[22m[2m │ gzip:   1.73 kB[22m
[2mbuild/client/[22m[2massets/[22m[36mvb-D17OF-Vu.js                            [39m[1m[2m    6.09 kB[22m[1m[22m[2m │ gzip:   2.34 kB[22m
[2mbuild/client/[22m[2massets/[22m[36mred-bN70gL4F.js                           [39m[1m[2m    6.26 kB[22m[1m[22m[2m │ gzip:   1.60 kB[22m
[2mbuild/client/[22m[2massets/[22m[36mmin-dark-CafNBF8u.js                      [39m[1m[2m    6.29 kB[22m[1m[22m[2m │ gzip:   1.71 kB[22m
[2mbuild/client/[22m[2massets/[22m[36mgdshader-DkwncUOv.js                      [39m[1m[2m    6.33 kB[22m[1m[22m[2m │ gzip:   1.73 kB[22m
[2mbuild/client/[22m[2massets/[22m[36mprisma-Dd19v3D-.js                        [39m[1m[2m    6.33 kB[22m[1m[22m[2m │ gzip:   1.39 kB[22m
[2mbuild/client/[22m[2massets/[22m[36mara-BRHolxvo.js                           [39m[1m[2m    6.36 kB[22m[1m[22m[2m │ gzip:   1.81 kB[22m
[2mbuild/client/[22m[2massets/[22m[36mclojure-P80f7IUj.js                       [39m[1m[2m    6.41 kB[22m[1m[22m[2m │ gzip:   1.42 kB[22m
[2mbuild/client/[22m[2massets/[22m[36mpostcss-CXtECtnM.js                       [39m[1m[2m    6.42 kB[22m[1m[22m[2m │ gzip:   1.91 kB[22m
[2mbuild/client/[22m[2massets/[22m[36mtoml-vGWfd6FD.js                          [39m[1m[2m    6.43 kB[22m[1m[22m[2m │ gzip:   1.28 kB[22m
[2mbuild/client/[22m[2massets/[22m[36msolarized-light-L9t79GZl.js               [39m[1m[2m    6.48 kB[22m[1m[22m[2m │ gzip:   1.73 kB[22m
[2mbuild/client/[22m[2massets/[22m[36mr-Dspwwk_N.js                             [39m[1m[2m    6.54 kB[22m[1m[22m[2m │ gzip:   1.78 kB[22m
[2mbuild/client/[22m[2massets/[22m[36mproto-C7zT0LnQ.js                         [39m[1m[2m    6.55 kB[22m[1m[22m[2m │ gzip:   1.42 kB[22m
[2mbuild/client/[22m[2massets/[22m[36msmalltalk-BERRCDM3.js                     [39m[1m[2m    6.59 kB[22m[1m[22m[2m │ gzip:   1.62 kB[22m
[2mbuild/client/[22m[2massets/[22m[36mtalonscript-CkByrt1z.js                   [39m[1m[2m    6.76 kB[22m[1m[22m[2m │ gzip:   1.49 kB[22m
[2mbuild/client/[22m[2massets/[22m[36msolarized-dark-DXbdFlpD.js                [39m[1m[2m    6.85 kB[22m[1m[22m[2m │ gzip:   1.80 kB[22m
[2mbuild/client/[22m[2massets/[22m[36mriscv-BM1_JUlF.js                         [39m[1m[2m    6.91 kB[22m[1m[22m[2m │ gzip:   1.98 kB[22m
[2mbuild/client/[22m[2massets/[22m[36mmin-light-CTRr51gU.js                     [39m[1m[2m    6.97 kB[22m[1m[22m[2m │ gzip:   1.89 kB[22m
[2mbuild/client/[22m[2massets/[22m[36msoy-Brmx7dQM.js                           [39m[1m[2m    6.98 kB[22m[1m[22m[2m │ gzip:   1.66 kB[22m
[2mbuild/client/[22m[2massets/[22m[36mscheme-C98Dy4si.js                        [39m[1m[2m    7.17 kB[22m[1m[22m[2m │ gzip:   2.05 kB[22m
[2mbuild/client/[22m[2massets/[22m[36mhlsl-D3lLCCz7.js                          [39m[1m[2m    7.26 kB[22m[1m[22m[2m │ gzip:   2.19 kB[22m
[2mbuild/client/[22m[2massets/[22m[36mqss-IeuSbFQv.js                           [39m[1m[2m    7.47 kB[22m[1m[22m[2m │ gzip:   2.58 kB[22m
[2mbuild/client/[22m[2massets/[22m[36mdart-CF10PKvl.js                          [39m[1m[2m    7.81 kB[22m[1m[22m[2m │ gzip:   1.91 kB[22m
[2mbuild/client/[22m[2massets/[22m[36msystemd-4A_iFExJ.js                       [39m[1m[2m    7.87 kB[22m[1m[22m[2m │ gzip:   2.55 kB[22m
[2mbuild/client/[22m[2massets/[22m[36mmonokai-D4h5O-jR.js                       [39m[1m[2m    7.88 kB[22m[1m[22m[2m │ gzip:   1.91 kB[22m
[2mbuild/client/[22m[2massets/[22m[36mregexp-CDVJQ6XC.js                        [39m[1m[2m    7.99 kB[22m[1m[22m[2m │ gzip:   1.42 kB[22m
[2mbuild/client/[22m[2massets/[22m[36mhaml-B8DHNrY2.js                          [39m[1m[2m    8.26 kB[22m[1m[22m[2m │ gzip:   1.81 kB[22m
[2mbuild/client/[22m[2massets/[22m[36mtypst-DHCkPAjA.js                         [39m[1m[2m    8.39 kB[22m[1m[22m[2m │ gzip:   1.67 kB[22m
[2mbuild/client/[22m[2massets/[22m[36mvue-html-AaS7Mt5G.js                      [39m[1m[2m    8.47 kB[22m[1m[22m[2m │ gzip:   1.68 kB[22m
[2mbuild/client/[22m[2massets/[22m[36mplsql-ChMvpjG-.js                         [39m[1m[2m    8.51 kB[22m[1m[22m[2m │ gzip:   3.00 kB[22m
[2mbuild/client/[22m[2massets/[22m[36mhorizon-BUw7H-hv.js                       [39m[1m[2m    8.78 kB[22m[1m[22m[2m │ gzip:   1.96 kB[22m
[2mbuild/client/[22m[2massets/[22m[36mkotlin-BdnUsdx6.js                        [39m[1m[2m    8.79 kB[22m[1m[22m[2m │ gzip:   2.13 kB[22m
[2mbuild/client/[22m[2massets/[22m[36mhorizon-bright-Cn-bp-IR.js                [39m[1m[2m    8.79 kB[22m[1m[22m[2m │ gzip:   1.97 kB[22m
[2mbuild/client/[22m[2massets/[22m[36mts-tags-zn1MmPIZ.js                       [39m[1m[2m    8.95 kB[22m[1m[22m[2m │ gzip:   1.22 kB[22m
[2mbuild/client/[22m[2massets/[22m[36mmake-CHLpvVh8.js                          [39m[1m[2m    8.96 kB[22m[1m[22m[2m │ gzip:   1.77 kB[22m
[2mbuild/client/[22m[2massets/[22m[36mandromeeda-C4gqWexZ.js                    [39m[1m[2m    9.02 kB[22m[1m[22m[2m │ gzip:   2.36 kB[22m
[2mbuild/client/[22m[2massets/[22m[36msas-cz2c8ADy.js                           [39m[1m[2m    9.06 kB[22m[1m[22m[2m │ gzip:   3.81 kB[22m
[2mbuild/client/[22m[2massets/[22m[36mdark-plus-C3mMm8J8.js                     [39m[1m[2m    9.10 kB[22m[1m[22m[2m │ gzip:   2.10 kB[22m
[2mbuild/client/[22m[2massets/[22m[36mslack-dark-BthQWCQV.js                    [39m[1m[2m    9.12 kB[22m[1m[22m[2m │ gzip:   1.97 kB[22m
[2mbuild/client/[22m[2massets/[22m[36msass-Cj5Yp3dK.js                          [39m[1m[2m    9.29 kB[22m[1m[22m[2m │ gzip:   2.49 kB[22m
[2mbuild/client/[22m[2massets/[22m[36mplastic-3e1v2bzS.js                       [39m[1m[2m    9.30 kB[22m[1m[22m[2m │ gzip:   1.98 kB[22m
[2mbuild/client/[22m[2massets/[22m[36mslack-ochin-DqwNpetd.js                   [39m[1m[2m    9.43 kB[22m[1m[22m[2m │ gzip:   2.10 kB[22m
[2mbuild/client/[22m[2massets/[22m[36mtex-idrVyKtj.js                           [39m[1m[2m    9.67 kB[22m[1m[22m[2m │ gzip:   3.06 kB[22m
[2mbuild/client/[22m[2massets/[22m[36mjison-wvAkD_A8.js                         [39m[1m[2m    9.69 kB[22m[1m[22m[2m │ gzip:   1.85 kB[22m
[2mbuild/client/[22m[2massets/[22m[36mcmake-D1j8_8rp.js                         [39m[1m[2m    9.86 kB[22m[1m[22m[2m │ gzip:   3.37 kB[22m
[2mbuild/client/[22m[2massets/[22m[36mlight-plus-B7mTdjB0.js                    [39m[1m[2m    9.94 kB[22m[1m[22m[2m │ gzip:   2.27 kB[22m
[2mbuild/client/[22m[2massets/[22m[36mhcl-BWvSN4gD.js                           [39m[1m[2m   10.05 kB[22m[1m[22m[2m │ gzip:   1.93 kB[22m
[2mbuild/client/[22m[2massets/[22m[36mpkl-u5AG7uiY.js                           [39m[1m[2m   10.37 kB[22m[1m[22m[2m │ gzip:   1.38 kB[22m
[2mbuild/client/[22m[2massets/[22m[36mbeancount-k_qm7-4y.js                     [39m[1m[2m   10.37 kB[22m[1m[22m[2m │ gzip:   1.44 kB[22m
[2mbuild/client/[22m[2massets/[22m[36mnextflow-groovy-BeH2EWoN.js               [39m[1m[2m   10.41 kB[22m[1m[22m[2m │ gzip:   2.13 kB[22m
[2mbuild/client/[22m[2massets/[22m[36mdream-maker-BtqSS_iP.js                   [39m[1m[2m   10.47 kB[22m[1m[22m[2m │ gzip:   2.25 kB[22m
[2mbuild/client/[22m[2massets/[22m[36mraku-DXvB9xmW.js                          [39m[1m[2m   10.47 kB[22m[1m[22m[2m │ gzip:   2.94 kB[22m
[2mbuild/client/[22m[2massets/[22m[36myaml-Buea-lGh.js                          [39m[1m[2m   10.51 kB[22m[1m[22m[2m │ gzip:   2.27 kB[22m
[2mbuild/client/[22m[2massets/[22m[36mrst-BrH8l1NY.js                           [39m[1m[2m   10.67 kB[22m[1m[22m[2m │ gzip:   2.42 kB[22m
[2mbuild/client/[22m[2massets/[22m[36melm-DbKCFpqz.js                           [39m[1m[2m   10.97 kB[22m[1m[22m[2m │ gzip:   2.12 kB[22m
[2mbuild/client/[22m[2massets/[22m[36mjust-Cw27pwNe.js                          [39m[1m[2m   11.16 kB[22m[1m[22m[2m │ gzip:   2.78 kB[22m
[2mbuild/client/[22m[2massets/[22m[36mgithub-light-DAi9KRSo.js                  [39m[1m[2m   11.18 kB[22m[1m[22m[2m │ gzip:   2.51 kB[22m
[2mbuild/client/[22m[2massets/[22m[36mprolog-CbFg5uaA.js                        [39m[1m[2m   11.36 kB[22m[1m[22m[2m │ gzip:   3.83 kB[22m
[2mbuild/client/[22m[2massets/[22m[36mterraform-BETggiCN.js                     [39m[1m[2m   11.39 kB[22m[1m[22m[2m │ gzip:   2.51 kB[22m
[2mbuild/client/[22m[2massets/[22m[36mgithub-dark-DHJKELXO.js                   [39m[1m[2m   11.41 kB[22m[1m[22m[2m │ gzip:   2.55 kB[22m
[2mbuild/client/[22m[2massets/[22m[36mpuppet-BMWR74SV.js                        [39m[1m[2m   11.44 kB[22m[1m[22m[2m │ gzip:   2.11 kB[22m
[2mbuild/client/[22m[2massets/[22m[36mlaserwave-DUszq2jm.js                     [39m[1m[2m   11.50 kB[22m[1m[22m[2m │ gzip:   2.58 kB[22m
[2mbuild/client/[22m[2massets/[22m[36mgherkin-DyxjwDmM.js                       [39m[1m[2m   11.95 kB[22m[1m[22m[2m │ gzip:   5.05 kB[22m
[2mbuild/client/[22m[2massets/[22m[36mwasm-MzD3tlZU.js                          [39m[1m[2m   12.01 kB[22m[1m[22m[2m │ gzip:   2.19 kB[22m
[2mbuild/client/[22m[2massets/[22m[36mhjson-D5-asLiD.js                         [39m[1m[2m   12.05 kB[22m[1m[22m[2m │ gzip:   1.64 kB[22m
[2mbuild/client/[22m[2massets/[22m[36mhandlebars-BL8al0AC.js                    [39m[1m[2m   12.15 kB[22m[1m[22m[2m │ gzip:   2.38 kB[22m
[2mbuild/client/[22m[2massets/[22m[36mapache-Pmp26Uib.js                        [39m[1m[2m   12.46 kB[22m[1m[22m[2m │ gzip:   3.72 kB[22m
[2mbuild/client/[22m[2massets/[22m[36mvesper-DU1UobuO.js                        [39m[1m[2m   12.69 kB[22m[1m[22m[2m │ gzip:   1.97 kB[22m
[2mbuild/client/[22m[2massets/[22m[36mbat-BkioyH1T.js                           [39m[1m[2m   12.89 kB[22m[1m[22m[2m │ gzip:   3.22 kB[22m
[2mbuild/client/[22m[2massets/[22m[36mfish-BvzEVeQv.js                          [39m[1m[2m   13.04 kB[22m[1m[22m[2m │ gzip:   1.74 kB[22m
[2mbuild/client/[22m[2massets/[22m[36mv-BcVCzyr7.js                             [39m[1m[2m   13.21 kB[22m[1m[22m[2m │ gzip:   2.74 kB[22m
[2mbuild/client/[22m[2massets/[22m[36mvitesse-light-CVO1_9PV.js                 [39m[1m[2m   13.62 kB[22m[1m[22m[2m │ gzip:   3.04 kB[22m
[2mbuild/client/[22m[2massets/[22m[36maurora-x-D-2ljcwZ.js                      [39m[1m[2m   13.66 kB[22m[1m[22m[2m │ gzip:   2.28 kB[22m
[2mbuild/client/[22m[2massets/[22m[36mvitesse-black-Bkuqu6BP.js                 [39m[1m[2m   13.68 kB[22m[1m[22m[2m │ gzip:   3.06 kB[22m
[2mbuild/client/[22m[2massets/[22m[36mvitesse-dark-D0r3Knsf.js                  [39m[1m[2m   13.76 kB[22m[1m[22m[2m │ gzip:   3.06 kB[22m
[2mbuild/client/[22m[2massets/[22m[36mpug-CGlum2m_.js                           [39m[1m[2m   13.84 kB[22m[1m[22m[2m │ gzip:   2.58 kB[22m
[2mbuild/client/[22m[2massets/[22m[36mluau-C-HG3fhB.js                          [39m[1m[2m   13.96 kB[22m[1m[22m[2m │ gzip:   3.18 kB[22m
[2mbuild/client/[22m[2massets/[22m[36msynthwave-84-CbfX1IO0.js                  [39m[1m[2m   14.04 kB[22m[1m[22m[2m │ gzip:   2.87 kB[22m
[2mbuild/client/[22m[2massets/[22m[36mgithub-light-default-D7oLnXFd.js          [39m[1m[2m   14.16 kB[22m[1m[22m[2m │ gzip:   3.04 kB[22m
[2mbuild/client/[22m[2massets/[22m[36mclarity-D53aC0YG.js                       [39m[1m[2m   14.28 kB[22m[1m[22m[2m │ gzip:   2.46 kB[22m
[2mbuild/client/[22m[2massets/[22m[36mgithub-light-high-contrast-BfjtVDDH.js    [39m[1m[2m   14.28 kB[22m[1m[22m[2m │ gzip:   3.02 kB[22m
[2mbuild/client/[22m[2massets/[22m[36mgithub-dark-dimmed-DH5Ifo-i.js            [39m[1m[2m   14.43 kB[22m[1m[22m[2m │ gzip:   3.13 kB[22m
[2mbuild/client/[22m[2massets/[22m[36mgithub-dark-default-Cuk6v7N8.js           [39m[1m[2m   14.44 kB[22m[1m[22m[2m │ gzip:   3.13 kB[22m
[2mbuild/client/[22m[2massets/[22m[36mgithub-dark-high-contrast-E3gJ1_iC.js     [39m[1m[2m   14.60 kB[22m[1m[22m[2m │ gzip:   3.09 kB[22m
[2mbuild/client/[22m[2massets/[22m[36mgnuplot-DdkO51Og.js                       [39m[1m[2m   14.78 kB[22m[1m[22m[2m │ gzip:   3.27 kB[22m
[2mbuild/client/[22m[2massets/[22m[36mrust-B1yitclQ.js                          [39m[1m[2m   15.07 kB[22m[1m[22m[2m │ gzip:   2.72 kB[22m
[2mbuild/client/[22m[2massets/[22m[36mkusto-DZf3V79B.js                         [39m[1m[2m   15.17 kB[22m[1m[22m[2m │ gzip:   3.92 kB[22m
[2mbuild/client/[22m[2massets/[22m[36mactionscript-3-CoDkCxhg.js                [39m[1m[2m   15.21 kB[22m[1m[22m[2m │ gzip:   2.66 kB[22m
[2mbuild/client/[22m[2massets/[22m[36mnix-CwoSXNpI.js                           [39m[1m[2m   15.51 kB[22m[1m[22m[2m │ gzip:   2.48 kB[22m
[2mbuild/client/[22m[2massets/[22m[36mlua-BaeVxFsk.js                           [39m[1m[2m   15.54 kB[22m[1m[22m[2m │ gzip:   3.16 kB[22m
[2mbuild/client/[22m[2massets/[22m[36mabap-BdImnpbu.js                          [39m[1m[2m   15.85 kB[22m[1m[22m[2m │ gzip:   5.91 kB[22m
[2mbuild/client/[22m[2massets/[22m[36msolidity-rGO070M0.js                      [39m[1m[2m   16.07 kB[22m[1m[22m[2m │ gzip:   3.11 kB[22m
[2mbuild/client/[22m[2massets/[22m[36mmatlab-D7o27uSR.js                        [39m[1m[2m   16.09 kB[22m[1m[22m[2m │ gzip:   3.06 kB[22m
[2mbuild/client/[22m[2massets/[22m[36mcue-D82EKSYY.js                           [39m[1m[2m   16.20 kB[22m[1m[22m[2m │ gzip:   2.06 kB[22m
[2mbuild/client/[22m[2massets/[22m[36melixir-CDX3lj18.js                        [39m[1m[2m   16.32 kB[22m[1m[22m[2m │ gzip:   2.80 kB[22m
[2mbuild/client/[22m[2massets/[22m[36modin-BBf5iR-q.js                          [39m[1m[2m   16.51 kB[22m[1m[22m[2m │ gzip:   2.94 kB[22m
[2mbuild/client/[22m[2massets/[22m[36mbird2-DPOp833l.js                         [39m[1m[2m   16.97 kB[22m[1m[22m[2m │ gzip:   3.85 kB[22m
[2mbuild/client/[22m[2massets/[22m[36mkanagawa-wave-DWedfzmr.js                 [39m[1m[2m   17.12 kB[22m[1m[22m[2m │ gzip:   2.93 kB[22m
[2mbuild/client/[22m[2massets/[22m[36mkanagawa-lotus-CfQXZHmo.js                [39m[1m[2m   17.13 kB[22m[1m[22m[2m │ gzip:   2.93 kB[22m
[2mbuild/client/[22m[2massets/[22m[36mkanagawa-dragon-CkXjmgJE.js               [39m[1m[2m   17.13 kB[22m[1m[22m[2m │ gzip:   2.95 kB[22m
[2mbuild/client/[22m[2massets/[22m[36mmove-IF9eRakj.js                          [39m[1m[2m   17.51 kB[22m[1m[22m[2m │ gzip:   3.07 kB[22m
[2mbuild/client/[22m[2massets/[22m[36mgraphql-ChdNCCLP.js                       [39m[1m[2m   18.00 kB[22m[1m[22m[2m │ gzip:   2.52 kB[22m
[2mbuild/client/[22m[2massets/[22m[36mliquid-DYVedYrR.js                        [39m[1m[2m   18.09 kB[22m[1m[22m[2m │ gzip:   3.16 kB[22m
[2mbuild/client/[22m[2massets/[22m[36msvelte-C_ipcX3V.js                        [39m[1m[2m   18.24 kB[22m[1m[22m[2m │ gzip:   3.14 kB[22m
[2mbuild/client/[22m[2massets/[22m[36mmaterial-theme-D5KoaKCx.js                [39m[1m[2m   18.62 kB[22m[1m[22m[2m │ gzip:   3.11 kB[22m
[2mbuild/client/[22m[2massets/[22m[36mmaterial-theme-darker-BfHTSMKl.js         [39m[1m[2m   18.63 kB[22m[1m[22m[2m │ gzip:   3.11 kB[22m
[2mbuild/client/[22m[2massets/[22m[36mmaterial-theme-ocean-CyktbL80.js          [39m[1m[2m   18.63 kB[22m[1m[22m[2m │ gzip:   3.14 kB[22m
[2mbuild/client/[22m[2massets/[22m[36mmaterial-theme-lighter-B0m2ddpp.js        [39m[1m[2m   18.63 kB[22m[1m[22m[2m │ gzip:   3.11 kB[22m
[2mbuild/client/[22m[2massets/[22m[36mmaterial-theme-palenight-Csfq5Kiy.js      [39m[1m[2m   18.64 kB[22m[1m[22m[2m │ gzip:   3.13 kB[22m
[2mbuild/client/[22m[2massets/[22m[36mgdscript-C5YyOfLZ.js                      [39m[1m[2m   18.99 kB[22m[1m[22m[2m │ gzip:   3.75 kB[22m
[2mbuild/client/[22m[2massets/[22m[36mroot-COEmUsAw.js                          [39m[1m[2m   19.15 kB[22m[1m[22m[2m │ gzip:   6.46 kB[22m
[2mbuild/client/[22m[2massets/[22m[36mgroovy-gcz8RCvz.js                        [39m[1m[2m   19.18 kB[22m[1m[22m[2m │ gzip:   3.60 kB[22m
[2mbuild/client/[22m[2massets/[22m[36mmdc-BMNejdWA.js                           [39m[1m[2m   19.63 kB[22m[1m[22m[2m │ gzip:   6.66 kB[22m
[2mbuild/client/[22m[2massets/[22m[36mglimmer-js-Rg0-pVw9.js                    [39m[1m[2m   20.07 kB[22m[1m[22m[2m │ gzip:   2.95 kB[22m
[2mbuild/client/[22m[2massets/[22m[36mglimmer-ts-U6CK756n.js                    [39m[1m[2m   20.07 kB[22m[1m[22m[2m │ gzip:   2.94 kB[22m
[2mbuild/client/[22m[2massets/[22m[36mayu-dark-DYE7WIF3.js                      [39m[1m[2m   20.08 kB[22m[1m[22m[2m │ gzip:   3.94 kB[22m
[2mbuild/client/[22m[2massets/[22m[36mayu-mirage-32ctXXKs.js                    [39m[1m[2m   20.09 kB[22m[1m[22m[2m │ gzip:   3.94 kB[22m
[2mbuild/client/[22m[2massets/[22m[36mpowershell-Dpen1YoG.js                    [39m[1m[2m   20.15 kB[22m[1m[22m[2m │ gzip:   4.07 kB[22m
[2mbuild/client/[22m[2massets/[22m[36mayu-light-BA47KaF1.js                     [39m[1m[2m   20.15 kB[22m[1m[22m[2m │ gzip:   3.93 kB[22m
[2mbuild/client/[22m[2massets/[22m[36mviml-CJc9bBzg.js                          [39m[1m[2m   20.37 kB[22m[1m[22m[2m │ gzip:   6.73 kB[22m
[2mbuild/client/[22m[2massets/[22m[36mnushell-Cz2AlsmD.js                       [39m[1m[2m   20.41 kB[22m[1m[22m[2m │ gzip:   5.22 kB[22m
[2mbuild/client/[22m[2massets/[22m[36msnazzy-light-Bw305WKR.js                  [39m[1m[2m   20.77 kB[22m[1m[22m[2m │ gzip:   3.83 kB[22m
[2mbuild/client/[22m[2massets/[22m[36mdracula-BzJJZx-M.js                       [39m[1m[2m   21.07 kB[22m[1m[22m[2m │ gzip:   4.00 kB[22m
[2mbuild/client/[22m[2massets/[22m[36mdracula-soft-BXkSAIEj.js                  [39m[1m[2m   21.08 kB[22m[1m[22m[2m │ gzip:   4.04 kB[22m
[2mbuild/client/[22m[2massets/[22m[36mtwig-DNn4PbVi.js                          [39m[1m[2m   21.36 kB[22m[1m[22m[2m │ gzip:   3.87 kB[22m
[2mbuild/client/[22m[2massets/[22m[36mwit-5i3qLPDT.js                           [39m[1m[2m   21.47 kB[22m[1m[22m[2m │ gzip:   2.89 kB[22m
[2mbuild/client/[22m[2massets/[22m[36mrose-pine-qdsjHGoJ.js                     [39m[1m[2m   21.74 kB[22m[1m[22m[2m │ gzip:   3.87 kB[22m
[2mbuild/client/[22m[2massets/[22m[36mrose-pine-moon-D4_iv3hh.js                [39m[1m[2m   21.75 kB[22m[1m[22m[2m │ gzip:   3.89 kB[22m
[2mbuild/client/[22m[2massets/[22m[36mrose-pine-dawn-DHQR4-dF.js                [39m[1m[2m   21.75 kB[22m[1m[22m[2m │ gzip:   3.89 kB[22m
[2mbuild/client/[22m[2massets/[22m[36mnim-CVrawwO9.js                           [39m[1m[2m   22.46 kB[22m[1m[22m[2m │ gzip:   3.16 kB[22m
[2mbuild/client/[22m[2massets/[22m[36mcommon-lisp-Cg-RD9OK.js                   [39m[1m[2m   22.58 kB[22m[1m[22m[2m │ gzip:   6.06 kB[22m
[2mbuild/client/[22m[2massets/[22m[36msurrealql-Bq5Q-fJD.js                     [39m[1m[2m   22.58 kB[22m[1m[22m[2m │ gzip:   4.32 kB[22m
[2mbuild/client/[22m[2massets/[22m[36mgruvbox-dark-hard-CFHQjOhq.js             [39m[1m[2m   22.63 kB[22m[1m[22m[2m │ gzip:   4.18 kB[22m
[2mbuild/client/[22m[2massets/[22m[36mgruvbox-dark-soft-CVdnzihN.js             [39m[1m[2m   22.63 kB[22m[1m[22m[2m │ gzip:   4.17 kB[22m
[2mbuild/client/[22m[2massets/[22m[36mgruvbox-light-hard-CH1njM8p.js            [39m[1m[2m   22.64 kB[22m[1m[22m[2m │ gzip:   4.18 kB[22m
[2mbuild/client/[22m[2massets/[22m[36mgruvbox-light-soft-hJgmCMqR.js            [39m[1m[2m   22.64 kB[22m[1m[22m[2m │ gzip:   4.18 kB[22m
[2mbuild/client/[22m[2massets/[22m[36mgruvbox-dark-medium-GsRaNv29.js           [39m[1m[2m   22.64 kB[22m[1m[22m[2m │ gzip:   4.18 kB[22m
[2mbuild/client/[22m[2massets/[22m[36mgruvbox-light-medium-DRw_LuNl.js          [39m[1m[2m   22.64 kB[22m[1m[22m[2m │ gzip:   4.18 kB[22m
[2mbuild/client/[22m[2massets/[22m[36msql-BLtJtn59.js                           [39m[1m[2m   23.41 kB[22m[1m[22m[2m │ gzip:   7.40 kB[22m
[2mbuild/client/[22m[2massets/[22m[36mcadence-Bv_4Rxtq.js                       [39m[1m[2m   23.67 kB[22m[1m[22m[2m │ gzip:   3.67 kB[22m
[2mbuild/client/[22m[2massets/[22m[36mastro-CbQHKStN.js                         [39m[1m[2m   24.01 kB[22m[1m[22m[2m │ gzip:   7.54 kB[22m
[2mbuild/client/[22m[2massets/[22m[36mtypespec-BGHnOYBU.js                      [39m[1m[2m   24.02 kB[22m[1m[22m[2m │ gzip:   2.59 kB[22m
[2mbuild/client/[22m[2massets/[22m[36mapl-dKokRX4l.js                           [39m[1m[2m   24.04 kB[22m[1m[22m[2m │ gzip:   4.20 kB[22m
[2mbuild/client/[22m[2massets/[22m[36mtempl-P3uqSqPl.js                         [39m[1m[2m   24.06 kB[22m[1m[22m[2m │ gzip:   5.40 kB[22m
[2mbuild/client/[22m[2massets/[22m[36mvhdl-CeAyd5Ju.js                          [39m[1m[2m   24.26 kB[22m[1m[22m[2m │ gzip:   3.87 kB[22m
[2mbuild/client/[22m[2massets/[22m[36mangular-html-CU67Zn6k.js                  [39m[1m[2m   24.29 kB[22m[1m[22m[2m │ gzip:   4.01 kB[22m
[2mbuild/client/[22m[2massets/[22m[36mvue-DN_0RTcg.js                           [39m[1m[2m   24.48 kB[22m[1m[22m[2m │ gzip:   2.97 kB[22m
[2mbuild/client/[22m[2massets/[22m[36mpurescript-CklMAg4u.js                    [39m[1m[2m   24.69 kB[22m[1m[22m[2m │ gzip:   3.25 kB[22m
[2mbuild/client/[22m[2massets/[22m[36mone-light-C3Wv6jpd.js                     [39m[1m[2m   25.30 kB[22m[1m[22m[2m │ gzip:   3.67 kB[22m
[2mbuild/client/[22m[2massets/[22m[36mfsharp-CXgrBDvD.js                        [39m[1m[2m   25.31 kB[22m[1m[22m[2m │ gzip:   4.13 kB[22m
[2mbuild/client/[22m[2massets/[22m[36mmarko-CnJfTvn9.js                         [39m[1m[2m   25.48 kB[22m[1m[22m[2m │ gzip:   3.59 kB[22m
[2mbuild/client/[22m[2massets/[22m[36mc3-eo99z4R2.js                            [39m[1m[2m   25.63 kB[22m[1m[22m[2m │ gzip:   3.87 kB[22m
[2mbuild/client/[22m[2massets/[22m[36mnight-owl-light-CMTm3GFP.js               [39m[1m[2m   25.90 kB[22m[1m[22m[2m │ gzip:   4.26 kB[22m
[2mbuild/client/[22m[2massets/[22m[36msystem-verilog-CnnmHF94.js                [39m[1m[2m   26.20 kB[22m[1m[22m[2m │ gzip:   4.85 kB[22m
[2mbuild/client/[22m[2massets/[22m[36mnord-Ddv68eIx.js                          [39m[1m[2m   26.72 kB[22m[1m[22m[2m │ gzip:   4.40 kB[22m
[2mbuild/client/[22m[2massets/[22m[36mcodeql-DsOJ9woJ.js                        [39m[1m[2m   26.88 kB[22m[1m[22m[2m │ gzip:   3.79 kB[22m
[2mbuild/client/[22m[2massets/[22m[36mscss-OYdSNvt2.js                          [39m[1m[2m   27.20 kB[22m[1m[22m[2m │ gzip:   4.20 kB[22m
[2mbuild/client/[22m[2massets/[22m[36mjava-CylS5w8V.js                          [39m[1m[2m   27.22 kB[22m[1m[22m[2m │ gzip:   4.26 kB[22m
[2mbuild/client/[22m[2massets/[22m[36mcoffee-Ch7k5sss.js                        [39m[1m[2m   27.42 kB[22m[1m[22m[2m │ gzip:   6.35 kB[22m
[2mbuild/client/[22m[2massets/[22m[36mrazor-Uh8Bk_45.js                         [39m[1m[2m   27.51 kB[22m[1m[22m[2m │ gzip:   3.57 kB[22m
[2mbuild/client/[22m[2massets/[22m[36mscala-C151Ov-r.js                         [39m[1m[2m   28.88 kB[22m[1m[22m[2m │ gzip:   3.94 kB[22m
[2mbuild/client/[22m[2massets/[22m[36mnight-owl-C39BiMTA.js                     [39m[1m[2m   28.91 kB[22m[1m[22m[2m │ gzip:   5.16 kB[22m
[2mbuild/client/[22m[2massets/[22m[36mcrystal-tKQVLTB8.js                       [39m[1m[2m   29.39 kB[22m[1m[22m[2m │ gzip:   4.44 kB[22m
[2mbuild/client/[22m[2massets/[22m[36mmermaid-mWjccvbQ.js                       [39m[1m[2m   29.51 kB[22m[1m[22m[2m │ gzip:   3.66 kB[22m
[2mbuild/client/[22m[2massets/[22m[36mapplescript-Co6uUVPk.js                   [39m[1m[2m   29.57 kB[22m[1m[22m[2m │ gzip:   5.93 kB[22m
[2mbuild/client/[22m[2massets/[22m[36mjulia-CxzCAyBv.js                         [39m[1m[2m   31.07 kB[22m[1m[22m[2m │ gzip:   4.33 kB[22m
[2mbuild/client/[22m[2massets/[22m[36mstylus-BEDo0Tqx.js                        [39m[1m[2m   31.07 kB[22m[1m[22m[2m │ gzip:   7.99 kB[22m
[2mbuild/client/[22m[2massets/[22m[36mpoimandres-CS3Unz2-.js                    [39m[1m[2m   33.49 kB[22m[1m[22m[2m │ gzip:   5.50 kB[22m
[2mbuild/client/[22m[2massets/[22m[36mone-dark-pro-DVMEJ2y_.js                  [39m[1m[2m   33.79 kB[22m[1m[22m[2m │ gzip:   5.52 kB[22m
[2mbuild/client/[22m[2massets/[22m[36mbsl-BO_Y6i37.js                           [39m[1m[2m   33.87 kB[22m[1m[22m[2m │ gzip:   8.35 kB[22m
[2mbuild/client/[22m[2massets/[22m[36mhaxe-CzTSHFRz.js                          [39m[1m[2m   35.16 kB[22m[1m[22m[2m │ gzip:   5.91 kB[22m
[2mbuild/client/[22m[2massets/[22m[36mnginx-BpAMiNFr.js                         [39m[1m[2m   35.37 kB[22m[1m[22m[2m │ gzip:   4.43 kB[22m
[2mbuild/client/[22m[2massets/[22m[36mhouston-DnULxvSX.js                       [39m[1m[2m   35.42 kB[22m[1m[22m[2m │ gzip:   5.78 kB[22m
[2mbuild/client/[22m[2massets/[22m[36mtokyo-night-hegEt444.js                   [39m[1m[2m   35.67 kB[22m[1m[22m[2m │ gzip:   6.24 kB[22m
[2mbuild/client/[22m[2massets/[22m[36merlang-DsQrWhSR.js                        [39m[1m[2m   37.48 kB[22m[1m[22m[2m │ gzip:   4.40 kB[22m
[2mbuild/client/[22m[2massets/[22m[36mcobol-nwyudZeR.js                         [39m[1m[2m   39.15 kB[22m[1m[22m[2m │ gzip:  10.87 kB[22m
[2mbuild/client/[22m[2massets/[22m[36masm-D_Q5rh1f.js                           [39m[1m[2m   40.72 kB[22m[1m[22m[2m │ gzip:   8.21 kB[22m
[2mbuild/client/[22m[2massets/[22m[36mshellscript-Yzrsuije.js                   [39m[1m[2m   41.48 kB[22m[1m[22m[2m │ gzip:   6.09 kB[22m
[2mbuild/client/[22m[2massets/[22m[36mhaskell-Df6bDoY_.js                       [39m[1m[2m   41.49 kB[22m[1m[22m[2m │ gzip:   6.44 kB[22m
[2mbuild/client/[22m[2massets/[22m[36mperl-C0TMdlhV.js                          [39m[1m[2m   43.16 kB[22m[1m[22m[2m │ gzip:   4.67 kB[22m
[2mbuild/client/[22m[2massets/[22m[36md-85-TOEBH.js                             [39m[1m[2m   43.80 kB[22m[1m[22m[2m │ gzip:   8.47 kB[22m
[2mbuild/client/[22m[2massets/[22m[36mruby-Dw2BHqvy.js                          [39m[1m[2m   45.95 kB[22m[1m[22m[2m │ gzip:   5.68 kB[22m
[2mbuild/client/[22m[2massets/[22m[36mgo-CxLEBnE3.js                            [39m[1m[2m   46.81 kB[22m[1m[22m[2m │ gzip:   5.18 kB[22m
[2mbuild/client/[22m[2massets/[22m[36mapex-D8_7TLub.js                          [39m[1m[2m   46.99 kB[22m[1m[22m[2m │ gzip:   6.77 kB[22m
[2mbuild/client/[22m[2massets/[22m[36mcatppuccin-mocha-D87Tk5Gz.js              [39m[1m[2m   47.26 kB[22m[1m[22m[2m │ gzip:   8.00 kB[22m
[2mbuild/client/[22m[2massets/[22m[36mcatppuccin-latte-C9dUb6Cb.js              [39m[1m[2m   47.26 kB[22m[1m[22m[2m │ gzip:   8.00 kB[22m
[2mbuild/client/[22m[2massets/[22m[36mcatppuccin-frappe-DFWUc33u.js             [39m[1m[2m   47.26 kB[22m[1m[22m[2m │ gzip:   8.02 kB[22m
[2mbuild/client/[22m[2massets/[22m[36mcatppuccin-macchiato-DQyhUUbL.js          [39m[1m[2m   47.26 kB[22m[1m[22m[2m │ gzip:   8.01 kB[22m
[2mbuild/client/[22m[2massets/[22m[36mada-bCR0ucgS.js                           [39m[1m[2m   48.08 kB[22m[1m[22m[2m │ gzip:   6.03 kB[22m
[2mbuild/client/[22m[2massets/[22m[36mcss-DPfMkruS.js                           [39m[1m[2m   49.02 kB[22m[1m[22m[2m │ gzip:  11.85 kB[22m
[2mbuild/client/[22m[2massets/[22m[36mimba-DGztddWO.js                          [39m[1m[2m   49.93 kB[22m[1m[22m[2m │ gzip:   9.46 kB[22m
[2mbuild/client/[22m[2massets/[22m[36meverforest-dark-BgDCqdQA.js               [39m[1m[2m   53.75 kB[22m[1m[22m[2m │ gzip:   8.42 kB[22m
[2mbuild/client/[22m[2massets/[22m[36meverforest-light-C8M2exoo.js              [39m[1m[2m   53.75 kB[22m[1m[22m[2m │ gzip:   8.42 kB[22m
[2mbuild/client/[22m[2massets/[22m[36mwikitext-BhOHFoWU.js                      [39m[1m[2m   55.89 kB[22m[1m[22m[2m │ gzip:   4.76 kB[22m
[2mbuild/client/[22m[2massets/[22m[36mstata-BH5u7GGu.js                         [39m[1m[2m   56.99 kB[22m[1m[22m[2m │ gzip:  12.36 kB[22m
[2mbuild/client/[22m[2massets/[22m[36mhtml-GMplVEZG.js                          [39m[1m[2m   57.25 kB[22m[1m[22m[2m │ gzip:  11.69 kB[22m
[2mbuild/client/[22m[2massets/[22m[36mballerina-BFfxhgS-.js                     [39m[1m[2m   58.69 kB[22m[1m[22m[2m │ gzip:   8.15 kB[22m
[2mbuild/client/[22m[2massets/[22m[36mmarkdown-Cvjx9yec.js                      [39m[1m[2m   59.34 kB[22m[1m[22m[2m │ gzip:   5.64 kB[22m
[2mbuild/client/[22m[2massets/[22m[36mocaml-C0hk2d4L.js                         [39m[1m[2m   62.45 kB[22m[1m[22m[2m │ gzip:   5.02 kB[22m
[2mbuild/client/[22m[2massets/[22m[36mmojo-rZm6bMo-.js                          [39m[1m[2m   69.80 kB[22m[1m[22m[2m │ gzip:   9.27 kB[22m
[2mbuild/client/[22m[2massets/[22m[36mpython-B6aJPvgy.js                        [39m[1m[2m   69.95 kB[22m[1m[22m[2m │ gzip:   9.13 kB[22m
[2mbuild/client/[22m[2massets/[22m[36mc-BIGW1oBm.js                             [39m[1m[2m   72.11 kB[22m[1m[22m[2m │ gzip:  10.51 kB[22m
[2mbuild/client/[22m[2massets/[22m[36mlatex-CWtU0Tv5.js                         [39m[1m[2m   72.64 kB[22m[1m[22m[2m │ gzip:   6.72 kB[22m
[2mbuild/client/[22m[2massets/[22m[36mvyper-CDx5xZoG.js                         [39m[1m[2m   74.65 kB[22m[1m[22m[2m │ gzip:  10.74 kB[22m
[2mbuild/client/[22m[2massets/[22m[36mhack-CaT9iCJl.js                          [39m[1m[2m   80.24 kB[22m[1m[22m[2m │ gzip:  26.21 kB[22m
[2mbuild/client/[22m[2massets/[22m[36mswift-D82vCrfD.js                         [39m[1m[2m   86.69 kB[22m[1m[22m[2m │ gzip:  14.73 kB[22m
[2mbuild/client/[22m[2massets/[22m[36mfortran-free-form-BxgE0vQu.js             [39m[1m[2m   88.97 kB[22m[1m[22m[2m │ gzip:  11.27 kB[22m
[2mbuild/client/[22m[2massets/[22m[36mcsharp-COcwbKMJ.js                        [39m[1m[2m   89.69 kB[22m[1m[22m[2m │ gzip:  10.69 kB[22m
[2mbuild/client/[22m[2massets/[22m[36mracket-BqYA7rlc.js                        [39m[1m[2m   92.39 kB[22m[1m[22m[2m │ gzip:  15.02 kB[22m
[2mbuild/client/[22m[2massets/[22m[36mless-B1dDrJ26.js                          [39m[1m[2m   97.63 kB[22m[1m[22m[2m │ gzip:  14.70 kB[22m
[2mbuild/client/[22m[2massets/[22m[36mblade-D4QpJJKB.js                         [39m[1m[2m  104.98 kB[22m[1m[22m[2m │ gzip:  28.20 kB[22m
[2mbuild/client/[22m[2massets/[22m[36mobjective-c-DXmwc3jG.js                   [39m[1m[2m  105.41 kB[22m[1m[22m[2m │ gzip:  23.33 kB[22m
[2mbuild/client/[22m[2massets/[22m[36mphp-Dhbhpdrm.js                           [39m[1m[2m  111.06 kB[22m[1m[22m[2m │ gzip:  28.52 kB[22m
[2mbuild/client/[22m[2massets/[22m[36mindex-DA3N0fFE.js                         [39m[1m[2m  127.36 kB[22m[1m[22m[2m │ gzip:  42.81 kB[22m
[2mbuild/client/[22m[2massets/[22m[36masciidoc-Ve4PFQV2.js                      [39m[1m[2m  131.53 kB[22m[1m[22m[2m │ gzip:   9.34 kB[22m
[2mbuild/client/[22m[2massets/[22m[36mmdx-Cmh6b_Ma.js                           [39m[1m[2m  136.11 kB[22m[1m[22m[2m │ gzip:  23.35 kB[22m
[2mbuild/client/[22m[2massets/[22m[36minput-KDLepwr0.js                         [39m[1m[2m  171.57 kB[22m[1m[22m[2m │ gzip:  54.90 kB[22m
[2mbuild/client/[22m[2massets/[22m[36mobjective-cpp-CLxacb5B.js                 [39m[1m[2m  171.97 kB[22m[1m[22m[2m │ gzip:  30.62 kB[22m
[2mbuild/client/[22m[2massets/[22m[36mjavascript-wDzz0qaB.js                    [39m[1m[2m  174.83 kB[22m[1m[22m[2m │ gzip:  16.51 kB[22m
[2mbuild/client/[22m[2massets/[22m[36mtsx-COt5Ahok.js                           [39m[1m[2m  175.54 kB[22m[1m[22m[2m │ gzip:  16.51 kB[22m
[2mbuild/client/[22m[2massets/[22m[36mjsx-g9-lgVsj.js                           [39m[1m[2m  177.79 kB[22m[1m[22m[2m │ gzip:  16.61 kB[22m
[2mbuild/client/[22m[2massets/[22m[36mtypescript-BPQ3VLAy.js                    [39m[1m[2m  181.08 kB[22m[1m[22m[2m │ gzip:  16.04 kB[22m
[2mbuild/client/[22m[2massets/[22m[36mangular-ts-BwZT4LLn.js                    [39m[1m[2m  183.82 kB[22m[1m[22m[2m │ gzip:  16.63 kB[22m
[2mbuild/client/[22m[2massets/[22m[36mentry.client-ykuVUMf8.js                  [39m[1m[2m  186.73 kB[22m[1m[22m[2m │ gzip:  59.03 kB[22m
[2mbuild/client/[22m[2massets/[22m[36mvue-vine-CQOfvN7w.js                      [39m[1m[2m  190.05 kB[22m[1m[22m[2m │ gzip:  17.98 kB[22m
[2mbuild/client/[22m[2massets/[22m[36mwolfram-lXgVvXCa.js                       [39m[1m[2m  262.39 kB[22m[1m[22m[2m │ gzip:  77.14 kB[22m
[2mbuild/client/[22m[2massets/[22m[36mwasm-CG6Dc4jp.js                          [39m[1m[33m  622.34 kB[39m[22m[2m │ gzip: 230.29 kB[22m
[2mbuild/client/[22m[2massets/[22m[36mcpp-CofmeUqb.js                           [39m[1m[33m  626.08 kB[39m[22m[2m │ gzip:  44.82 kB[22m
[2mbuild/client/[22m[2massets/[22m[36memacs-lisp-C9XAeP06.js                    [39m[1m[33m  779.85 kB[39m[22m[2m │ gzip: 196.03 kB[22m
[2mbuild/client/[22m[2massets/[22m[36mmermaid-GHXKKRXX-ClEuDU0A.js              [39m[1m[33m1,308.78 kB[39m[22m[2m │ gzip: 400.61 kB[22m
[32m✓ built in 8.86s[39m
[36mvite v7.3.3 [32mbuilding ssr environment for production...[36m[39m
transforming...
[33mapp/components/ui/sonner.tsx (1:0): Error when using sourcemap for reporting an error: Can't resolve original location of error.[39m
[32m✓[39m 31 modules transformed.
rendering chunks...
[2mbuild/server/[22m[32m.vite/manifest.json               [39m[1m[2m  0.23 kB[22m[1m[22m
[2mbuild/server/[22m[2massets/[22m[35mserver-build-CohkcEA4.css  [39m[1m[2m115.12 kB[22m[1m[22m
[2mbuild/server/[22m[36mindex.js                          [39m[1m[2m 56.27 kB[22m[1m[22m

[32m✓[39m 1 asset cleaned from React Router server build.
[2mbuild/server/assets/server-build-CohkcEA4.css[22m

SPA Mode: Generated [1mbuild/client/index.html[22m
Removing the server build in [32m/home/runner/work/orangechat/orangechat/web-ui/build/server[39m due to ssr:false
[32m✓ built in 1.02s[39m
📦 Starting build output copy...
   Source: ./build/client
   Target: ../web/src/main/resources/static
🧹 Cleaned target directory
✅ Build output copied successfully!

> Task :web:preBuild
> Task :web:preDebugBuild
> Task :web:extractDebugSupportedLocales FROM-CACHE
> Task :web:processDebugNavigationResources FROM-CACHE
> Task :highlight:generateDebugResources
> Task :highlight:packageDebugResources
> Task :highlight:parseDebugLocalResources
> Task :highlight:generateDebugRFile
> Task :ai:checkDebugAarMetadata
> Task :ai:mergeDebugNativeLibs NO-SOURCE
> Task :ai:stripDebugDebugSymbols NO-SOURCE
> Task :ai:copyDebugJniLibsProjectAndLocalJars
> Task :ai:generateDebugResources FROM-CACHE
> Task :ai:packageDebugResources
> Task :ai:processDebugNavigationResources FROM-CACHE
> Task :ai:parseDebugLocalResources FROM-CACHE
> Task :ai:generateDebugRFile
> Task :common:javaPreCompileDebug
> Task :ai:extractDeepLinksForAarDebug
> Task :ai:generateDebugAssets UP-TO-DATE
> Task :ai:mergeDebugAssets
> Task :ai:javaPreCompileDebug FROM-CACHE
> Task :ai:prepareDebugArtProfile
> Task :ai:prepareLintJarForPublish
> Task :ai:processDebugManifest
> Task :ai:writeDebugAarMetadata
> Task :ai:extractDebugSupportedLocales FROM-CACHE
> Task :common:extractDebugSupportedLocales FROM-CACHE

> Task :common:compileDebugKotlin
w: file:///home/runner/work/orangechat/orangechat/common/src/main/java/me/rerere/common/http/AcceptLang.kt:67:28 'field locale: Locale!' is deprecated. Deprecated in Java.
w: file:///home/runner/work/orangechat/orangechat/common/src/main/java/me/rerere/common/http/JsonExpression.kt:365:13 'when' is exhaustive so 'else' is redundant here.

> Task :document:compileDebugKotlin
> Task :document:javaPreCompileDebug FROM-CACHE
> Task :highlight:compileDebugKotlin
> Task :highlight:javaPreCompileDebug FROM-CACHE
> Task :common:compileDebugJavaWithJavac NO-SOURCE
> Task :highlight:compileDebugJavaWithJavac NO-SOURCE
> Task :highlight:bundleLibCompileToJarDebug
> Task :common:bundleLibCompileToJarDebug
> Task :material3:generateDebugResources FROM-CACHE
> Task :material3:packageDebugResources
> Task :material3:parseDebugLocalResources FROM-CACHE
> Task :material3:generateDebugRFile

> Task :material3:compileDebugKotlin FAILED
e: file:///home/runner/work/orangechat/orangechat/material3/src/main/java/me/rerere/material3/DynamicSchemeExt.kt:13:8 Unresolved reference 'dynamiccolor'.
e: file:///home/runner/work/orangechat/orangechat/material3/src/main/java/me/rerere/material3/DynamicSchemeExt.kt:15:5 Unresolved reference 'DynamicScheme'.
e: file:///home/runner/work/orangechat/orangechat/material3/src/main/java/me/rerere/material3/DynamicSchemeExt.kt:16:13 Unresolved reference 'DynamicScheme'.
e: file:///home/runner/work/orangechat/orangechat/material3/src/main/java/me/rerere/material3/DynamicSchemeExt.kt:17:16 Unresolved reference 'isDark'.
e: file:///home/runner/work/orangechat/orangechat/material3/src/main/java/me/rerere/material3/DynamicSchemeExt.kt:19:31 Unresolved reference 'primary'.
e: file:///home/runner/work/orangechat/orangechat/material3/src/main/java/me/rerere/material3/DynamicSchemeExt.kt:20:33 Unresolved reference 'onPrimary'.
e: file:///home/runner/work/orangechat/orangechat/material3/src/main/java/me/rerere/material3/DynamicSchemeExt.kt:21:40 Unresolved reference 'primaryContainer'.
e: file:///home/runner/work/orangechat/orangechat/material3/src/main/java/me/rerere/material3/DynamicSchemeExt.kt:22:42 Unresolved reference 'onPrimaryContainer'.
e: file:///home/runner/work/orangechat/orangechat/material3/src/main/java/me/rerere/material3/DynamicSchemeExt.kt:23:38 Unresolved reference 'inversePrimary'.
e: file:///home/runner/work/orangechat/orangechat/material3/src/main/java/me/rerere/material3/DynamicSchemeExt.kt:24:33 Unresolved reference 'secondary'.
e: file:///home/runner/work/orangechat/orangechat/material3/src/main/java/me/rerere/material3/DynamicSchemeExt.kt:25:35 Unresolved reference 'onSecondary'.
e: file:///home/runner/work/orangechat/orangechat/material3/src/main/java/me/rerere/material3/DynamicSchemeExt.kt:26:42 Unresolved reference 'secondaryContainer'.
e: file:///home/runner/work/orangechat/orangechat/material3/src/main/java/me/rerere/material3/DynamicSchemeExt.kt:27:44 Unresolved reference 'onSecondaryContainer'.
e: file:///home/runner/work/orangechat/orangechat/material3/src/main/java/me/rerere/material3/DynamicSchemeExt.kt:28:32 Unresolved reference 'tertiary'.
e: file:///home/runner/work/orangechat/orangechat/material3/src/main/java/me/rerere/material3/DynamicSchemeExt.kt:29:34 Unresolved reference 'onTertiary'.
e: file:///home/runner/work/orangechat/orangechat/material3/src/main/java/me/rerere/material3/DynamicSchemeExt.kt:30:41 Unresolved reference 'tertiaryContainer'.
e: file:///home/runner/work/orangechat/orangechat/material3/src/main/java/me/rerere/material3/DynamicSchemeExt.kt:31:43 Unresolved reference 'onTertiaryContainer'.
e: file:///home/runner/work/orangechat/orangechat/material3/src/main/java/me/rerere/material3/DynamicSchemeExt.kt:32:34 Unresolved reference 'background'.
e: file:///home/runner/work/orangechat/orangechat/material3/src/main/java/me/rerere/material3/DynamicSchemeExt.kt:33:36 Unresolved reference 'onBackground'.
e: file:///home/runner/work/orangechat/orangechat/material3/src/main/java/me/rerere/material3/DynamicSchemeExt.kt:34:31 Unresolved reference 'surface'.
e: file:///home/runner/work/orangechat/orangechat/material3/src/main/java/me/rerere/material3/DynamicSchemeExt.kt:35:33 Unresolved reference 'onSurface'.
e: file:///home/runner/work/orangechat/orangechat/material3/src/main/java/me/rerere/material3/DynamicSchemeExt.kt:36:38 Unresolved reference 'surfaceVariant'.
e: file:///home/runner/work/orangechat/orangechat/material3/src/main/java/me/rerere/material3/DynamicSchemeExt.kt:37:40 Unresolved reference 'onSurfaceVariant'.
e: file:///home/runner/work/orangechat/orangechat/material3/src/main/java/me/rerere/material3/DynamicSchemeExt.kt:38:35 Unresolved reference 'surfaceTint'.
e: file:///home/runner/work/orangechat/orangechat/material3/src/main/java/me/rerere/material3/DynamicSchemeExt.kt:39:38 Unresolved reference 'inverseSurface'.
e: file:///home/runner/work/orangechat/orangechat/material3/src/main/java/me/rerere/material3/DynamicSchemeExt.kt:40:40 Unresolved reference 'inverseOnSurface'.
e: file:///home/runner/work/orangechat/orangechat/material3/src/main/java/me/rerere/material3/DynamicSchemeExt.kt:41:29 Unresolved reference 'error'.
e: file:///home/runner/work/orangechat/orangechat/material3/src/main/java/me/rerere/material3/DynamicSchemeExt.kt:42:31 Unresolved reference 'onError'.
e: file:///home/runner/work/orangechat/orangechat/material3/src/main/java/me/rerere/material3/DynamicSchemeExt.kt:43:38 Unresolved reference 'errorContainer'.
e: file:///home/runner/work/orangechat/orangechat/material3/src/main/java/me/rerere/material3/DynamicSchemeExt.kt:44:40 Unresolved reference 'onErrorContainer'.
e: file:///home/runner/work/orangechat/orangechat/material3/src/main/java/me/rerere/material3/DynamicSchemeExt.kt:45:31 Unresolved reference 'outline'.
e: file:///home/runner/work/orangechat/orangechat/material3/src/main/java/me/rerere/material3/DynamicSchemeExt.kt:46:38 Unresolved reference 'outlineVariant'.
e: file:///home/runner/work/orangechat/orangechat/material3/src/main/java/me/rerere/material3/DynamicSchemeExt.kt:47:29 Unresolved reference 'scrim'.
e: file:///home/runner/work/orangechat/orangechat/material3/src/main/java/me/rerere/material3/DynamicSchemeExt.kt:48:37 Unresolved reference 'surfaceBright'.
e: file:///home/runner/work/orangechat/orangechat/material3/src/main/java/me/rerere/material3/DynamicSchemeExt.kt:49:34 Unresolved reference 'surfaceDim'.
e: file:///home/runner/work/orangechat/orangechat/material3/src/main/java/me/rerere/material3/DynamicSchemeExt.kt:50:40 Unresolved reference 'surfaceContainer'.
e: file:///home/runner/work/orangechat/orangechat/material3/src/main/java/me/rerere/material3/DynamicSchemeExt.kt:51:44 Unresolved reference 'surfaceContainerHigh'.
e: file:///home/runner/work/orangechat/orangechat/material3/src/main/java/me/rerere/material3/DynamicSchemeExt.kt:52:47 Unresolved reference 'surfaceContainerHighest'.
e: file:///home/runner/work/orangechat/orangechat/material3/src/main/java/me/rerere/material3/DynamicSchemeExt.kt:53:43 Unresolved reference 'surfaceContainerLow'.
e: file:///home/runner/work/orangechat/orangechat/material3/src/main/java/me/rerere/material3/DynamicSchemeExt.kt:54:46 Unresolved reference 'surfaceContainerLowest'.
e: file:///home/runner/work/orangechat/orangechat/material3/src/main/java/me/rerere/material3/DynamicSchemeExt.kt:55:36 Unresolved reference 'primaryFixed'.
e: file:///home/runner/work/orangechat/orangechat/material3/src/main/java/me/rerere/material3/DynamicSchemeExt.kt:56:39 Unresolved reference 'primaryFixedDim'.
e: file:///home/runner/work/orangechat/orangechat/material3/src/main/java/me/rerere/material3/DynamicSchemeExt.kt:57:38 Unresolved reference 'onPrimaryFixed'.
e: file:///home/runner/work/orangechat/orangechat/material3/src/main/java/me/rerere/material3/DynamicSchemeExt.kt:58:45 Unresolved reference 'onPrimaryFixedVariant'.
e: file:///home/runner/work/orangechat/orangechat/material3/src/main/java/me/rerere/material3/DynamicSchemeExt.kt:59:38 Unresolved reference 'secondaryFixed'.
e: file:///home/runner/work/orangechat/orangechat/material3/src/main/java/me/rerere/material3/DynamicSchemeExt.kt:60:41 Unresolved reference 'secondaryFixedDim'.
e: file:///home/runner/work/orangechat/orangechat/material3/src/main/java/me/rerere/material3/DynamicSchemeExt.kt:61:40 Unresolved reference 'onSecondaryFixed'.
e: file:///home/runner/work/orangechat/orangechat/material3/src/main/java/me/rerere/material3/DynamicSchemeExt.kt:62:47 Unresolved reference 'onSecondaryFixedVariant'.
e: file:///home/runner/work/orangechat/orangechat/material3/src/main/java/me/rerere/material3/DynamicSchemeExt.kt:63:37 Unresolved reference 'tertiaryFixed'.
e: file:///home/runner/work/orangechat/orangechat/material3/src/main/java/me/rerere/material3/DynamicSchemeExt.kt:64:40 Unresolved reference 'tertiaryFixedDim'.
e: file:///home/runner/work/orangechat/orangechat/material3/src/main/java/me/rerere/material3/DynamicSchemeExt.kt:65:39 Unresolved reference 'onTertiaryFixed'.
e: file:///home/runner/work/orangechat/orangechat/material3/src/main/java/me/rerere/material3/DynamicSchemeExt.kt:66:46 Unresolved reference 'onTertiaryFixedVariant'.
e: file:///home/runner/work/orangechat/orangechat/material3/src/main/java/me/rerere/material3/DynamicSchemeExt.kt:70:31 Unresolved reference 'primary'.
e: file:///home/runner/work/orangechat/orangechat/material3/src/main/java/me/rerere/material3/DynamicSchemeExt.kt:71:33 Unresolved reference 'onPrimary'.
e: file:///home/runner/work/orangechat/orangechat/material3/src/main/java/me/rerere/material3/DynamicSchemeExt.kt:72:40 Unresolved reference 'primaryContainer'.
e: file:///home/runner/work/orangechat/orangechat/material3/src/main/java/me/rerere/material3/DynamicSchemeExt.kt:73:42 Unresolved reference 'onPrimaryContainer'.
e: file:///home/runner/work/orangechat/orangechat/material3/src/main/java/me/rerere/material3/DynamicSchemeExt.kt:74:38 Unresolved reference 'inversePrimary'.
e: file:///home/runner/work/orangechat/orangechat/material3/src/main/java/me/rerere/material3/DynamicSchemeExt.kt:75:33 Unresolved reference 'secondary'.
e: file:///home/runner/work/orangechat/orangechat/material3/src/main/java/me/rerere/material3/DynamicSchemeExt.kt:76:35 Unresolved reference 'onSecondary'.
e: file:///home/runner/work/orangechat/orangechat/material3/src/main/java/me/rerere/material3/DynamicSchemeExt.kt:77:42 Unresolved reference 'secondaryContainer'.
e: file:///home/runner/work/orangechat/orangechat/material3/src/main/java/me/rerere/material3/DynamicSchemeExt.kt:78:44 Unresolved reference 'onSecondaryContainer'.
e: file:///home/runner/work/orangechat/orangechat/material3/src/main/java/me/rerere/material3/DynamicSchemeExt.kt:79:32 Unresolved reference 'tertiary'.
e: file:///home/runner/work/orangechat/orangechat/material3/src/main/java/me/rerere/material3/DynamicSchemeExt.kt:80:34 Unresolved reference 'onTertiary'.
e: file:///home/runner/work/orangechat/orangechat/material3/src/main/java/me/rerere/material3/DynamicSchemeExt.kt:81:41 Unresolved reference 'tertiaryContainer'.
e: file:///home/runner/work/orangechat/orangechat/material3/src/main/java/me/rerere/material3/DynamicSchemeExt.kt:82:43 Unresolved reference 'onTertiaryContainer'.
e: file:///home/runner/work/orangechat/orangechat/material3/src/main/java/me/rerere/material3/DynamicSchemeExt.kt:83:34 Unresolved reference 'background'.
e: file:///home/runner/work/orangechat/orangechat/material3/src/main/java/me/rerere/material3/DynamicSchemeExt.kt:84:36 Unresolved reference 'onBackground'.
e: file:///home/runner/work/orangechat/orangechat/material3/src/main/java/me/rerere/material3/DynamicSchemeExt.kt:85:31 Unresolved reference 'surface'.
e: file:///home/runner/work/orangechat/orangechat/material3/src/main/java/me/rerere/material3/DynamicSchemeExt.kt:86:33 Unresolved reference 'onSurface'.
e: file:///home/runner/work/orangechat/orangechat/material3/src/main/java/me/rerere/material3/DynamicSchemeExt.kt:87:38 Unresolved reference 'surfaceVariant'.
e: file:///home/runner/work/orangechat/orangechat/material3/src/main/java/me/rerere/material3/DynamicSchemeExt.kt:88:40 Unresolved reference 'onSurfaceVariant'.
e: file:///home/runner/work/orangechat/orangechat/material3/src/main/java/me/rerere/material3/DynamicSchemeExt.kt:89:35 Unresolved reference 'surfaceTint'.
e: file:///home/runner/work/orangechat/orangechat/material3/src/main/java/me/rerere/material3/DynamicSchemeExt.kt:90:38 Unresolved reference 'inverseSurface'.
e: file:///home/runner/work/orangechat/orangechat/material3/src/main/java/me/rerere/material3/DynamicSchemeExt.kt:91:40 Unresolved reference 'inverseOnSurface'.
e: file:///home/runner/work/orangechat/orangechat/material3/src/main/java/me/rerere/material3/DynamicSchemeExt.kt:92:29 Unresolved reference 'error'.
e: file:///home/runner/work/orangechat/orangechat/material3/src/main/java/me/rerere/material3/DynamicSchemeExt.kt:93:31 Unresolved reference 'onError'.
e: file:///home/runner/work/orangechat/orangechat/material3/src/main/java/me/rerere/material3/DynamicSchemeExt.kt:94:38 Unresolved reference 'errorContainer'.
e: file:///home/runner/work/orangechat/orangechat/material3/src/main/java/me/rerere/material3/DynamicSchemeExt.kt:95:40 Unresolved reference 'onErrorContainer'.
e: file:///home/runner/work/orangechat/orangechat/material3/src/main/java/me/rerere/material3/DynamicSchemeExt.kt:96:31 Unresolved reference 'outline'.
e: file:///home/runner/work/orangechat/orangechat/material3/src/main/java/me/rerere/material3/DynamicSchemeExt.kt:97:38 Unresolved reference 'outlineVariant'.
e: file:///home/runner/work/orangechat/orangechat/material3/src/main/java/me/rerere/material3/DynamicSchemeExt.kt:98:29 Unresolved reference 'scrim'.
e: file:///home/runner/work/orangechat/orangechat/material3/src/main/java/me/rerere/material3/DynamicSchemeExt.kt:99:37 Unresolved reference 'surfaceBright'.
e: file:///home/runner/work/orangechat/orangechat/material3/src/main/java/me/rerere/material3/DynamicSchemeExt.kt:100:34 Unresolved reference 'surfaceDim'.
e: file:///home/runner/work/orangechat/orangechat/material3/src/main/java/me/rerere/material3/DynamicSchemeExt.kt:101:40 Unresolved reference 'surfaceContainer'.
e: file:///home/runner/work/orangechat/orangechat/material3/src/main/java/me/rerere/material3/DynamicSchemeExt.kt:102:44 Unresolved reference 'surfaceContainerHigh'.
e: file:///home/runner/work/orangechat/orangechat/material3/src/main/java/me/rerere/material3/DynamicSchemeExt.kt:103:47 Unresolved reference 'surfaceContainerHighest'.
e: file:///home/runner/work/orangechat/orangechat/material3/src/main/java/me/rerere/material3/DynamicSchemeExt.kt:104:43 Unresolved reference 'surfaceContainerLow'.
e: file:///home/runner/work/orangechat/orangechat/material3/src/main/java/me/rerere/material3/DynamicSchemeExt.kt:105:46 Unresolved reference 'surfaceContainerLowest'.
e: file:///home/runner/work/orangechat/orangechat/material3/src/main/java/me/rerere/material3/DynamicSchemeExt.kt:106:36 Unresolved reference 'primaryFixed'.
e: file:///home/runner/work/orangechat/orangechat/material3/src/main/java/me/rerere/material3/DynamicSchemeExt.kt:107:39 Unresolved reference 'primaryFixedDim'.
e: file:///home/runner/work/orangechat/orangechat/material3/src/main/java/me/rerere/material3/DynamicSchemeExt.kt:108:38 Unresolved reference 'onPrimaryFixed'.
e: file:///home/runner/work/orangechat/orangechat/material3/src/main/java/me/rerere/material3/DynamicSchemeExt.kt:109:45 Unresolved reference 'onPrimaryFixedVariant'.
e: file:///home/runner/work/orangechat/orangechat/material3/src/main/java/me/rerere/material3/DynamicSchemeExt.kt:110:38 Unresolved reference 'secondaryFixed'.
e: file:///home/runner/work/orangechat/orangechat/material3/src/main/java/me/rerere/material3/DynamicSchemeExt.kt:111:41 Unresolved reference 'secondaryFixedDim'.
e: file:///home/runner/work/orangechat/orangechat/material3/src/main/java/me/rerere/material3/DynamicSchemeExt.kt:112:40 Unresolved reference 'onSecondaryFixed'.
e: file:///home/runner/work/orangechat/orangechat/material3/src/main/java/me/rerere/material3/DynamicSchemeExt.kt:113:47 Unresolved reference 'onSecondaryFixedVariant'.
e: file:///home/runner/work/orangechat/orangechat/material3/src/main/java/me/rerere/material3/DynamicSchemeExt.kt:114:37 Unresolved reference 'tertiaryFixed'.
e: file:///home/runner/work/orangechat/orangechat/material3/src/main/java/me/rerere/material3/DynamicSchemeExt.kt:115:40 Unresolved reference 'tertiaryFixedDim'.
e: file:///home/runner/work/orangechat/orangechat/material3/src/main/java/me/rerere/material3/DynamicSchemeExt.kt:116:39 Unresolved reference 'onTertiaryFixed'.
e: file:///home/runner/work/orangechat/orangechat/material3/src/main/java/me/rerere/material3/DynamicSchemeExt.kt:117:46 Unresolved reference 'onTertiaryFixedVariant'.

> Task :document:compileDebugJavaWithJavac
> Task :ai:extractDebugAnnotations
> Task :app:generateDebugLocaleConfig

FAILURE: Build failed with an exception.

* What went wrong:
Execution failed for task ':material3:compileDebugKotlin'.
> A failure occurred while executing org.jetbrains.kotlin.compilerRunner.btapi.BuildToolsApiCompilationWork
   > Compilation error. See log for more details

* Try:
> Run with --info or --debug option to get more log output.
> Run with --scan to get full insights from a Build Scan (powered by Develocity).
> Get more help at https://help.gradle.org.

* Exception is:
org.gradle.api.tasks.TaskExecutionException: Execution failed for task ':material3:compileDebugKotlin'.
	at org.gradle.api.internal.tasks.execution.ExecuteActionsTaskExecuter.lambda$executeIfValid$1(ExecuteActionsTaskExecuter.java:135)
	at org.gradle.internal.Try$Failure.ifSuccessfulOrElse(Try.java:288)
	at org.gradle.api.internal.tasks.execution.ExecuteActionsTaskExecuter.executeIfValid(ExecuteActionsTaskExecuter.java:133)
	at org.gradle.api.internal.tasks.execution.ExecuteActionsTaskExecuter.execute(ExecuteActionsTaskExecuter.java:121)
	at org.gradle.api.internal.tasks.execution.ProblemsTaskPathTrackingTaskExecuter.execute(ProblemsTaskPathTrackingTaskExecuter.java:41)
	at org.gradle.api.internal.tasks.execution.ResolveTaskExecutionModeExecuter.execute(ResolveTaskExecutionModeExecuter.java:51)
	at org.gradle.api.internal.tasks.execution.FinalizePropertiesTaskExecuter.execute(FinalizePropertiesTaskExecuter.java:46)
	at org.gradle.api.internal.tasks.execution.SkipTaskWithNoActionsExecuter.execute(SkipTaskWithNoActionsExecuter.java:57)
	at org.gradle.api.internal.tasks.execution.SkipOnlyIfTaskExecuter.execute(SkipOnlyIfTaskExecuter.java:74)
	at org.gradle.api.internal.tasks.execution.CatchExceptionTaskExecuter.execute(CatchExceptionTaskExecuter.java:36)
	at org.gradle.api.internal.tasks.execution.EventFiringTaskExecuter$1.executeTask(EventFiringTaskExecuter.java:77)
	at org.gradle.api.internal.tasks.execution.EventFiringTaskExecuter$1.call(EventFiringTaskExecuter.java:55)
	at org.gradle.api.internal.tasks.execution.EventFiringTaskExecuter$1.call(EventFiringTaskExecuter.java:52)
	at org.gradle.internal.operations.DefaultBuildOperationRunner$CallableBuildOperationWorker.execute(DefaultBuildOperationRunner.java:210)
	at org.gradle.internal.operations.DefaultBuildOperationRunner$CallableBuildOperationWorker.execute(DefaultBuildOperationRunner.java:205)
	at org.gradle.internal.operations.DefaultBuildOperationRunner$2.execute(DefaultBuildOperationRunner.java:67)
	at org.gradle.internal.operations.DefaultBuildOperationRunner$2.execute(DefaultBuildOperationRunner.java:60)
	at org.gradle.internal.operations.DefaultBuildOperationRunner.execute(DefaultBuildOperationRunner.java:167)
	at org.gradle.internal.operations.DefaultBuildOperationRunner.execute(DefaultBuildOperationRunner.java:60)
	at org.gradle.internal.operations.DefaultBuildOperationRunner.call(DefaultBuildOperationRunner.java:54)
	at org.gradle.api.internal.tasks.execution.EventFiringTaskExecuter.execute(EventFiringTaskExecuter.java:52)
	at org.gradle.execution.plan.DefaultNodeExecutor.executeLocalTaskNode(DefaultNodeExecutor.java:55)
	at org.gradle.execution.plan.DefaultNodeExecutor.execute(DefaultNodeExecutor.java:34)
	at org.gradle.execution.taskgraph.DefaultTaskExecutionGraph$InvokeNodeExecutorsAction.execute(DefaultTaskExecutionGraph.java:355)
	at org.gradle.execution.taskgraph.DefaultTaskExecutionGraph$InvokeNodeExecutorsAction.execute(DefaultTaskExecutionGraph.java:343)
	at org.gradle.execution.taskgraph.DefaultTaskExecutionGraph$BuildOperationAwareExecutionAction.lambda$execute$0(DefaultTaskExecutionGraph.java:339)
	at org.gradle.internal.operations.CurrentBuildOperationRef.with(CurrentBuildOperationRef.java:84)
	at org.gradle.execution.taskgraph.DefaultTaskExecutionGraph$BuildOperationAwareExecutionAction.execute(DefaultTaskExecutionGraph.java:339)
	at org.gradle.execution.taskgraph.DefaultTaskExecutionGraph$BuildOperationAwareExecutionAction.execute(DefaultTaskExecutionGraph.java:328)
	at org.gradle.execution.plan.DefaultPlanExecutor$ExecutorWorker.execute(DefaultPlanExecutor.java:459)
	at org.gradle.execution.plan.DefaultPlanExecutor$ExecutorWorker.run(DefaultPlanExecutor.java:376)
	at org.gradle.internal.concurrent.ExecutorPolicy$CatchAndRecordFailures.onExecute(ExecutorPolicy.java:64)
	at org.gradle.internal.concurrent.AbstractManagedExecutor$1.run(AbstractManagedExecutor.java:47)
Caused by: org.gradle.workers.internal.DefaultWorkerExecutor$WorkExecutionException: A failure occurred while executing org.jetbrains.kotlin.compilerRunner.btapi.BuildToolsApiCompilationWork
	at org.gradle.workers.internal.DefaultWorkerExecutor$WorkItemExecution.waitForCompletion(DefaultWorkerExecutor.java:289)
	at org.gradle.internal.work.DefaultAsyncWorkTracker.lambda$waitForItemsAndGatherFailures$2(DefaultAsyncWorkTracker.java:130)
	at org.gradle.internal.Factories$1.create(Factories.java:30)
	at org.gradle.internal.work.DefaultWorkerLeaseService.lambda$withoutLocks$2(DefaultWorkerLeaseService.java:350)
	at org.gradle.internal.work.ResourceLockStatistics$1.measure(ResourceLockStatistics.java:43)
	at org.gradle.internal.work.DefaultWorkerLeaseService.withoutLocks(DefaultWorkerLeaseService.java:348)
	at org.gradle.internal.work.DefaultWorkerLeaseService.withoutLocks(DefaultWorkerLeaseService.java:332)
	at org.gradle.internal.work.DefaultWorkerLeaseService.withoutLock(DefaultWorkerLeaseService.java:337)
	at org.gradle.internal.work.DefaultAsyncWorkTracker.waitForItemsAndGatherFailures(DefaultAsyncWorkTracker.java:126)
	at org.gradle.internal.work.DefaultAsyncWorkTracker.waitForItemsAndGatherFailures(DefaultAsyncWorkTracker.java:92)
	at org.gradle.internal.work.DefaultAsyncWorkTracker.waitForAll(DefaultAsyncWorkTracker.java:78)
	at org.gradle.internal.work.DefaultAsyncWorkTracker.waitForCompletion(DefaultAsyncWorkTracker.java:66)
	at org.gradle.api.internal.tasks.execution.TaskExecution$3.run(TaskExecution.java:267)
	at org.gradle.internal.operations.DefaultBuildOperationRunner$1.execute(DefaultBuildOperationRunner.java:30)
	at org.gradle.internal.operations.DefaultBuildOperationRunner$1.execute(DefaultBuildOperationRunner.java:27)
	at org.gradle.internal.operations.DefaultBuildOperationRunner$2.execute(DefaultBuildOperationRunner.java:67)
	at org.gradle.internal.operations.DefaultBuildOperationRunner$2.execute(DefaultBuildOperationRunner.java:60)
	at org.gradle.internal.operations.DefaultBuildOperationRunner.execute(DefaultBuildOperationRunner.java:167)
	at org.gradle.internal.operations.DefaultBuildOperationRunner.execute(DefaultBuildOperationRunner.java:60)
	at org.gradle.internal.operations.DefaultBuildOperationRunner.run(DefaultBuildOperationRunner.java:48)
	at org.gradle.api.internal.tasks.execution.TaskExecution.executeAction(TaskExecution.java:244)
	at org.gradle.api.internal.tasks.execution.TaskExecution.executeActions(TaskExecution.java:227)
	at org.gradle.api.internal.tasks.execution.TaskExecution.executeWithPreviousOutputFiles(TaskExecution.java:210)
	at org.gradle.api.internal.tasks.execution.TaskExecution.execute(TaskExecution.java:176)
	at org.gradle.internal.execution.steps.ExecuteStep.executeInternal(ExecuteStep.java:167)
	at org.gradle.internal.execution.steps.ExecuteStep.access$000(ExecuteStep.java:47)
	at org.gradle.internal.execution.steps.ExecuteStep$1.call(ExecuteStep.java:137)
	at org.gradle.internal.execution.steps.ExecuteStep$1.call(ExecuteStep.java:134)
	at org.gradle.internal.operations.DefaultBuildOperationRunner$CallableBuildOperationWorker.execute(DefaultBuildOperationRunner.java:210)
	at org.gradle.internal.operations.DefaultBuildOperationRunner$CallableBuildOperationWorker.execute(DefaultBuildOperationRunner.java:205)
	at org.gradle.internal.operations.DefaultBuildOperationRunner$2.execute(DefaultBuildOperationRunner.java:67)
	at org.gradle.internal.operations.DefaultBuildOperationRunner$2.execute(DefaultBuildOperationRunner.java:60)
	at org.gradle.internal.operations.DefaultBuildOperationRunner.execute(DefaultBuildOperationRunner.java:167)
	at org.gradle.internal.operations.DefaultBuildOperationRunner.execute(DefaultBuildOperationRunner.java:60)
	at org.gradle.internal.operations.DefaultBuildOperationRunner.call(DefaultBuildOperationRunner.java:54)
	at org.gradle.internal.execution.steps.ExecuteStep.execute(ExecuteStep.java:134)
	at org.gradle.internal.execution.steps.ExecuteStep$Mutable.execute(ExecuteStep.java:80)
	at org.gradle.internal.execution.steps.CancelExecutionStep.execute(CancelExecutionStep.java:42)
	at org.gradle.internal.execution.steps.TimeoutStep.executeWithoutTimeout(TimeoutStep.java:75)
	at org.gradle.internal.execution.steps.TimeoutStep.execute(TimeoutStep.java:55)
	at org.gradle.internal.execution.steps.PreCreateOutputParentsStep.execute(PreCreateOutputParentsStep.java:51)
	at org.gradle.internal.execution.steps.PreCreateOutputParentsStep.execute(PreCreateOutputParentsStep.java:29)
	at org.gradle.internal.execution.steps.RemovePreviousOutputsStep.executeMutable(RemovePreviousOutputsStep.java:67)
	at org.gradle.internal.execution.steps.RemovePreviousOutputsStep.executeMutable(RemovePreviousOutputsStep.java:39)
	at org.gradle.internal.execution.steps.MutableStep.execute(MutableStep.java:26)
	at org.gradle.internal.execution.steps.BroadcastChangingOutputsStep.execute(BroadcastChangingOutputsStep.java:42)
	at org.gradle.internal.execution.steps.BroadcastChangingOutputsStep.execute(BroadcastChangingOutputsStep.java:24)
	at org.gradle.internal.execution.steps.CaptureOutputsAfterExecutionStep.execute(CaptureOutputsAfterExecutionStep.java:69)
	at org.gradle.internal.execution.steps.CaptureOutputsAfterExecutionStep.execute(CaptureOutputsAfterExecutionStep.java:46)
	at org.gradle.internal.execution.steps.ResolveInputChangesStep.executeMutable(ResolveInputChangesStep.java:39)
	at org.gradle.internal.execution.steps.ResolveInputChangesStep.executeMutable(ResolveInputChangesStep.java:28)
	at org.gradle.internal.execution.steps.MutableStep.execute(MutableStep.java:26)
	at org.gradle.internal.execution.steps.BuildCacheStep.executeWithoutCache(BuildCacheStep.java:189)
	at org.gradle.internal.execution.steps.BuildCacheStep.executeAndStoreInCache(BuildCacheStep.java:145)
	at org.gradle.internal.execution.steps.BuildCacheStep.lambda$executeWithCache$4(BuildCacheStep.java:104)
	at org.gradle.internal.execution.steps.BuildCacheStep.lambda$executeWithCache$5(BuildCacheStep.java:104)
	at org.gradle.internal.Try$Success.map(Try.java:170)
	at org.gradle.internal.execution.steps.BuildCacheStep.executeWithCache(BuildCacheStep.java:88)
	at org.gradle.internal.execution.steps.BuildCacheStep.lambda$execute$0(BuildCacheStep.java:75)
	at org.gradle.internal.Either$Left.fold(Either.java:116)
	at org.gradle.internal.execution.caching.CachingState.fold(CachingState.java:62)
	at org.gradle.internal.execution.steps.BuildCacheStep.execute(BuildCacheStep.java:74)
	at org.gradle.internal.execution.steps.BuildCacheStep.execute(BuildCacheStep.java:49)
	at org.gradle.internal.execution.steps.StoreExecutionStateStep.executeMutable(StoreExecutionStateStep.java:46)
	at org.gradle.internal.execution.steps.StoreExecutionStateStep.executeMutable(StoreExecutionStateStep.java:35)
	at org.gradle.internal.execution.steps.MutableStep.execute(MutableStep.java:26)
	at org.gradle.internal.execution.steps.SkipUpToDateStep.executeBecause(SkipUpToDateStep.java:75)
	at org.gradle.internal.execution.steps.SkipUpToDateStep.lambda$execute$2(SkipUpToDateStep.java:53)
	at org.gradle.internal.execution.steps.SkipUpToDateStep.execute(SkipUpToDateStep.java:53)
	at org.gradle.internal.execution.steps.SkipUpToDateStep.execute(SkipUpToDateStep.java:35)
	at org.gradle.internal.execution.steps.legacy.MarkSnapshottingInputsFinishedStep.execute(MarkSnapshottingInputsFinishedStep.java:37)
	at org.gradle.internal.execution.steps.legacy.MarkSnapshottingInputsFinishedStep.execute(MarkSnapshottingInputsFinishedStep.java:27)
	at org.gradle.internal.execution.steps.ResolveMutableCachingStateStep.executeDelegate(ResolveMutableCachingStateStep.java:70)
	at org.gradle.internal.execution.steps.ResolveMutableCachingStateStep.executeDelegate(ResolveMutableCachingStateStep.java:32)
	at org.gradle.internal.execution.steps.AbstractResolveCachingStateStep.execute(AbstractResolveCachingStateStep.java:69)
	at org.gradle.internal.execution.steps.AbstractResolveCachingStateStep.execute(AbstractResolveCachingStateStep.java:37)
	at org.gradle.internal.execution.steps.ResolveChangesStep.executeMutable(ResolveChangesStep.java:63)
	at org.gradle.internal.execution.steps.ResolveChangesStep.executeMutable(ResolveChangesStep.java:34)
	at org.gradle.internal.execution.steps.MutableStep.execute(MutableStep.java:26)
	at org.gradle.internal.execution.steps.ValidateStep$Mutable.executeDelegate(ValidateStep.java:79)
	at org.gradle.internal.execution.steps.ValidateStep$Mutable.executeDelegate(ValidateStep.java:65)
	at org.gradle.internal.execution.steps.ValidateStep.execute(ValidateStep.java:99)
	at org.gradle.internal.execution.steps.ValidateStep$Mutable.execute(ValidateStep.java:65)
	at org.gradle.internal.execution.steps.CaptureMutableStateBeforeExecutionStep.executeMutable(CaptureMutableStateBeforeExecutionStep.java:86)
	at org.gradle.internal.execution.steps.CaptureMutableStateBeforeExecutionStep.execute(CaptureMutableStateBeforeExecutionStep.java:65)
	at org.gradle.internal.execution.steps.CaptureMutableStateBeforeExecutionStep.execute(CaptureMutableStateBeforeExecutionStep.java:45)
	at org.gradle.internal.execution.steps.SkipEmptyMutableWorkStep.executeWithNonEmptySources(SkipEmptyMutableWorkStep.java:210)
	at org.gradle.internal.execution.steps.SkipEmptyMutableWorkStep.executeMutable(SkipEmptyMutableWorkStep.java:90)
	at org.gradle.internal.execution.steps.SkipEmptyMutableWorkStep.executeMutable(SkipEmptyMutableWorkStep.java:53)
	at org.gradle.internal.execution.steps.MutableStep.execute(MutableStep.java:26)
	at org.gradle.internal.execution.steps.legacy.MarkSnapshottingInputsStartedStep.execute(MarkSnapshottingInputsStartedStep.java:38)
	at org.gradle.internal.execution.steps.LoadPreviousExecutionStateStep.executeMutable(LoadPreviousExecutionStateStep.java:36)
	at org.gradle.internal.execution.steps.LoadPreviousExecutionStateStep.executeMutable(LoadPreviousExecutionStateStep.java:23)
	at org.gradle.internal.execution.steps.MutableStep.execute(MutableStep.java:26)
	at org.gradle.internal.execution.steps.HandleStaleOutputsStep.executeMutable(HandleStaleOutputsStep.java:77)
	at org.gradle.internal.execution.steps.HandleStaleOutputsStep.executeMutable(HandleStaleOutputsStep.java:43)
	at org.gradle.internal.execution.steps.MutableStep.execute(MutableStep.java:26)
	at org.gradle.internal.execution.steps.AssignMutableWorkspaceStep.lambda$executeMutable$0(AssignMutableWorkspaceStep.java:34)
	at org.gradle.api.internal.tasks.execution.TaskExecution$4.withWorkspace(TaskExecution.java:305)
	at org.gradle.internal.execution.steps.AssignMutableWorkspaceStep.executeMutable(AssignMutableWorkspaceStep.java:30)
	at org.gradle.internal.execution.steps.AssignMutableWorkspaceStep.executeMutable(AssignMutableWorkspaceStep.java:21)
	at org.gradle.internal.execution.steps.MutableStep.execute(MutableStep.java:26)
	at org.gradle.internal.execution.steps.ChoosePipelineStep.execute(ChoosePipelineStep.java:40)
	at org.gradle.internal.execution.steps.ChoosePipelineStep.execute(ChoosePipelineStep.java:23)
	at org.gradle.internal.execution.steps.ExecuteWorkBuildOperationFiringStep.lambda$execute$2(ExecuteWorkBuildOperationFiringStep.java:67)
	at org.gradle.internal.execution.steps.ExecuteWorkBuildOperationFiringStep.execute(ExecuteWorkBuildOperationFiringStep.java:67)
	at org.gradle.internal.execution.steps.ExecuteWorkBuildOperationFiringStep.execute(ExecuteWorkBuildOperationFiringStep.java:39)
	at org.gradle.internal.execution.steps.IdentityCacheStep.execute(IdentityCacheStep.java:46)
	at org.gradle.internal.execution.steps.IdentityCacheStep.execute(IdentityCacheStep.java:34)
	at org.gradle.internal.execution.steps.IdentifyStep.execute(IdentifyStep.java:56)
	at org.gradle.internal.execution.steps.IdentifyStep.execute(IdentifyStep.java:38)
	at org.gradle.internal.execution.impl.DefaultExecutionEngine$1.execute(DefaultExecutionEngine.java:68)
	at org.gradle.api.internal.tasks.execution.ExecuteActionsTaskExecuter.executeIfValid(ExecuteActionsTaskExecuter.java:132)
	... 30 more
Caused by: org.jetbrains.kotlin.gradle.tasks.CompilationErrorException: Compilation error. See log for more details
	at org.jetbrains.kotlin.gradle.tasks.TasksUtilsKt.throwExceptionIfCompilationFailed(tasksUtils.kt:21)
	at org.jetbrains.kotlin.compilerRunner.btapi.BuildToolsApiCompilationWork.execute(BuildToolsApiCompilationWork.kt:295)
	at org.gradle.workers.internal.DefaultWorkerServer.execute(DefaultWorkerServer.java:68)
	at org.gradle.workers.internal.NoIsolationWorkerFactory$1$1.create(NoIsolationWorkerFactory.java:64)
	at org.gradle.workers.internal.NoIsolationWorkerFactory$1$1.create(NoIsolationWorkerFactory.java:61)
	at org.gradle.internal.classloader.ClassLoaderUtils.executeInClassloader(ClassLoaderUtils.java:102)
	at org.gradle.workers.internal.NoIsolationWorkerFactory$1.lambda$execute$0(NoIsolationWorkerFactory.java:61)
	at org.gradle.workers.internal.AbstractWorker$1.call(AbstractWorker.java:44)
	at org.gradle.workers.internal.AbstractWorker$1.call(AbstractWorker.java:41)
	at org.gradle.internal.operations.DefaultBuildOperationRunner$CallableBuildOperationWorker.execute(DefaultBuildOperationRunner.java:210)
	at org.gradle.internal.operations.DefaultBuildOperationRunner$CallableBuildOperationWorker.execute(DefaultBuildOperationRunner.java:205)
	at org.gradle.internal.operations.DefaultBuildOperationRunner$2.execute(DefaultBuildOperationRunner.java:67)
	at org.gradle.internal.operations.DefaultBuildOperationRunner$2.execute(DefaultBuildOperationRunner.java:60)
	at org.gradle.internal.operations.DefaultBuildOperationRunner.execute(DefaultBuildOperationRunner.java:167)
	at org.gradle.internal.operations.DefaultBuildOperationRunner.execute(DefaultBuildOperationRunner.java:60)
	at org.gradle.internal.operations.DefaultBuildOperationRunner.call(DefaultBuildOperationRunner.java:54)
	at org.gradle.workers.internal.AbstractWorker.executeWrappedInBuildOperation(AbstractWorker.java:41)
	at org.gradle.workers.internal.NoIsolationWorkerFactory$1.execute(NoIsolationWorkerFactory.java:58)
	at org.gradle.workers.internal.DefaultWorkerExecutor.lambda$submitWork$0(DefaultWorkerExecutor.java:176)
	at org.gradle.internal.work.DefaultConditionalExecutionQueue$ExecutionRunner.runExecution(DefaultConditionalExecutionQueue.java:194)
	at org.gradle.internal.work.DefaultConditionalExecutionQueue$ExecutionRunner.access$700(DefaultConditionalExecutionQueue.java:127)
	at org.gradle.internal.work.DefaultConditionalExecutionQueue$ExecutionRunner$1.run(DefaultConditionalExecutionQueue.java:169)
	at org.gradle.internal.Factories$1.create(Factories.java:30)
	at org.gradle.internal.work.DefaultWorkerLeaseService.lambda$withLocksAcquired$0(DefaultWorkerLeaseService.java:275)
	at org.gradle.internal.work.ResourceLockStatistics$1.measure(ResourceLockStatistics.java:43)
	at org.gradle.internal.work.DefaultWorkerLeaseService.withLocksAcquired(DefaultWorkerLeaseService.java:273)
	at org.gradle.internal.work.DefaultWorkerLeaseService.withLocks(DefaultWorkerLeaseService.java:265)
	at org.gradle.internal.work.DefaultWorkerLeaseService.runAsWorkerThread(DefaultWorkerLeaseService.java:128)
	at org.gradle.internal.work.DefaultWorkerLeaseService.runAsWorkerThread(DefaultWorkerLeaseService.java:133)
	at org.gradle.internal.work.DefaultConditionalExecutionQueue$ExecutionRunner.runBatch(DefaultConditionalExecutionQueue.java:164)
	at org.gradle.internal.work.DefaultConditionalExecutionQueue$ExecutionRunner.run(DefaultConditionalExecutionQueue.java:133)
	... 2 more


BUILD FAILED in 2m 6s
66 actionable tasks: 46 executed, 20 from cache
